Microchip MPLAB XC8 Compiler V2.00 ()

Linker command line:

-W-3 --edf=C:\Program Files (x86)\Microchip\xc8\v2.00\pic\dat\en_msgs.txt \
  -cs -h+dist/default/production\Slave1PWM.X.production.sym \
  --cmf=dist/default/production\Slave1PWM.X.production.cmf -z -Q16F887 \
  -oC:\Users\DIBUJO~1\AppData\Local\Temp\s8ck.2 --defsym=__MPLAB_BUILD=1 \
  -Mdist/default/production/Slave1PWM.X.production.map -E1 -ver=XC8 \
  --acfsm=1493 -ASTACK=0110h-016fh -pstack=STACK -ACODE=00h-07FFhx4 \
  -ASTRCODE=00h-01FFFh -ASTRING=00h-0FFhx32 -ACONST=00h-0FFhx32 \
  -AENTRY=00h-0FFhx32 -ACOMMON=070h-07Fh -ABANK0=020h-06Fh \
  -ABANK1=0A0h-0EFh -ABANK2=0110h-016Fh -ABANK3=0190h-01EFh \
  -ARAM=020h-06Fh,0A0h-0EFh,0110h-016Fh,0190h-01EFh \
  -AABS1=020h-07Fh,0A0h-0EFh,0110h-016Fh,0190h-01EFh -ASFR0=00h-01Fh \
  -ASFR1=080h-09Fh -ASFR2=0100h-010Fh -ASFR3=0180h-018Fh \
  -preset_vec=00h,intentry=04h,init,end_init -ppowerup=CODE -pcinit=CODE \
  -pfunctab=ENTRY -ACONFIG=02007h-02008h -pconfig=CONFIG -DCONFIG=2 \
  -AIDLOC=02000h-02003h -pidloc=IDLOC -DIDLOC=2 -AEEDATA=00h-0FFh/02100h \
  -peeprom_data=EEDATA -DEEDATA=2 -DCODE=2 -DSTRCODE=2 -DSTRING=2 -DCONST=2 \
  -DENTRY=2 -k C:\Users\DIBUJO~1\AppData\Local\Temp\s8ck.o \
  dist/default/production\Slave1PWM.X.production.o 

Object code version is 3.11

Machine type is 16F887



                Name                               Link     Load   Length Selector   Space Scale
C:\Users\DIBUJO~1\AppData\Local\Temp\s8ck.o
                end_init                              C        C        3        8       0
                reset_vec                             0        0        3        0       0
                config                             2007     2007        2     400E       0
dist/default/production\Slave1PWM.X.production.o
                cinit                                 F        F       33        8       0
                intentry                              4        4        8        8       0
                text17                              4BE      4BE       95      97C       0
                text16                              748      748       1A      97C       0
                text15                              7BA      7BA        9      97C       0
                text14                              790      790       10      97C       0
                text13                              7AD      7AD        D      97C       0
                text12                              673      673       4B      97C       0
                text11                              710      710       1E      97C       0
                text10                              6ED      6ED       23      97C       0
                text9                               621      621       52      97C       0
                text8                               6BE      6BE       2F      97C       0
                text7                               72E      72E       1A      97C       0
                text6                               553      553       71      97C       0
                text5                               77A      77A       16      97C       0
                text4                               5C4      5C4       5D      97C       0
                text3                               7A0      7A0        D      97C       0
                text2                               283      283      195        8       0
                text1                               762      762       18      97C       0
                maintext                             42       42      241        8       0
                cstackBANK0                          20       20       12       20       1
                cstackCOMMON                         70       70        7       70       1
                dataBANK0                            3F       3F        5       20       1
                bssBANK0                             32       32        D       20       1
                bssCOMMON                            77       77        4       70       1
                strings                             418      418       A6      830       0
                idataBANK0                          7C3      7C3        5      97C       0

TOTAL           Name                               Link     Load   Length     Space
        CLASS   STACK          

        CLASS   CODE           
                end_init                              C        C        3         0
                cinit                                 F        F       33         0
                intentry                              4        4        8         0
                reset_vec                             0        0        3         0
                text17                              4BE      4BE       95         0
                text16                              748      748       1A         0
                text15                              7BA      7BA        9         0
                text14                              790      790       10         0
                text13                              7AD      7AD        D         0
                text12                              673      673       4B         0
                text11                              710      710       1E         0
                text10                              6ED      6ED       23         0
                text9                               621      621       52         0
                text8                               6BE      6BE       2F         0
                text7                               72E      72E       1A         0
                text6                               553      553       71         0
                text5                               77A      77A       16         0
                text4                               5C4      5C4       5D         0
                text3                               7A0      7A0        D         0
                text2                               283      283      195         0
                text1                               762      762       18         0
                maintext                             42       42      241         0
                idataBANK0                          7C3      7C3        5         0

        CLASS   STRCODE        

        CLASS   STRING         
                strings                             418      418       A6         0

        CLASS   CONST          

        CLASS   ENTRY          

        CLASS   COMMON         
                cstackCOMMON                         70       70        7         1
                bssCOMMON                            77       77        4         1

        CLASS   BANK0          
                cstackBANK0                          20       20       12         1
                dataBANK0                            3F       3F        5         1
                bssBANK0                             32       32        D         1

        CLASS   BANK1          

        CLASS   BANK2          

        CLASS   BANK3          

        CLASS   RAM            

        CLASS   ABS1           
                abs_s1                               7E       7E        2         1

        CLASS   SFR0           

        CLASS   SFR1           

        CLASS   SFR2           

        CLASS   SFR3           

        CLASS   CONFIG         
                config                             2007     2007        2         0

        CLASS   IDLOC          

        CLASS   EEDATA         



SEGMENTS        Name                           Load    Length   Top    Selector   Space  Class     Delta

                reset_vec                      000000  000003  000003         0       0  CODE        2
                intentry                       000004  000414  000418         8       0  CODE        2
                cstackBANK0                    000020  000024  000044        20       1  BANK0       1
                cstackCOMMON                   000070  00000B  00007B        70       1  COMMON      1
                strings                        000418  0000A6  0004BE       830       0  STRING      2
                text17                         0004BE  00030A  0007C8       97C       0  CODE        2
                config                         002007  000002  002009      400E       0  CONFIG      2


UNUSED ADDRESS RANGES

        Name                Unused          Largest block    Delta
        BANK0            0044-006F             2C           1
        BANK1            00A0-00EF             50           1
        BANK2            0110-016F             60           1
        BANK3            0190-01EF             60           1
        CODE             0003-0003              1           2
                         07C8-1FFF            800
        COMMON           007B-007D              3           1
        CONST            0003-0003              1           2
                         07C8-1FFF            100
        EEDATA           2100-21FF            100           2
        ENTRY            0003-0003              1           2
                         07C8-1FFF            100
        IDLOC            2000-2003              4           2
        RAM              0044-006F             2C           1
                         00A0-00EF             50
                         0110-016F             60
                         0190-01EF             60
        SFR0             0000-001F             20           1
        SFR1             0080-009F             20           1
        SFR2             0100-010F             10           1
        SFR3             0180-018F             10           1
        STACK            0110-016F             60           1
        STRCODE          0003-0003              1           2
                         07C8-1FFF           1838
        STRING           0003-0003              1           2
                         07C8-1FFF            100

                                  Symbol Table

I2C_Slave_Init@address         cstackCOMMON 0073
Lcd_Cmd_8bits@comando          cstackCOMMON 0074
Lcd_Port@a                     cstackCOMMON 0073
Lcd_Set_Cursor_8bits@x         cstackCOMMON 0075
Lcd_Set_Cursor_8bits@y         cstackCOMMON 0076
Lcd_Write_Char@a               cstackBANK0  0022
Lcd_Write_Char@modo            cstackCOMMON 0074
Lcd_Write_Char@temp            cstackBANK0  0020
Lcd_Write_Char@y               cstackBANK0  0021
Lcd_Write_String@a             cstackBANK0  0027
Lcd_Write_String@i             cstackBANK0  0025
Lcd_Write_String@modo          cstackBANK0  0023
_ADCON0bits                    (abs)        001F
_ADCON1bits                    (abs)        009F
_ADRESH                        (abs)        001E
_ANSEL                         (abs)        0188
_ANSELH                        (abs)        0189
_ANSELbits                     (abs)        0188
_Abierto                       bssBANK0     0039
_BF                            (abs)        04A0
_CCP1CONbits                   (abs)        0017
_CCPR1L                        (abs)        0015
_GIE                           (abs)        005F
_I2C_Slave_Init                text16       0748
_INTCONbits                    (abs)        000B
_InitKeypad                    text15       07BA
_Lcd_Clear_8bits               text13       07AD
_Lcd_Cmd_8bits                 text14       0790
_Lcd_Init_8bits                text12       0673
_Lcd_Port                      text10       06ED
_Lcd_Set_Cursor_8bits          text11       0710
_Lcd_Write_Char                text9        0621
_Lcd_Write_String              text8        06BE
_OPTION_REG                    (abs)        0081
_OSCCONbits                    (abs)        008F
_PEIE                          (abs)        005E
_PIE1bits                      (abs)        008C
_PIR1bits                      (abs)        000C
_PORTA                         (abs)        0005
_PORTAbits                     (abs)        0005
_PORTB                         (abs)        0006
_PORTBbits                     (abs)        0006
_PORTC                         (abs)        0007
_PORTD                         (abs)        0008
_PORTE                         (abs)        0009
_PORTEbits                     (abs)        0009
_PR2                           (abs)        0092
_PWMconf                       text7        072E
_RD0                           (abs)        0040
_RD1                           (abs)        0041
_RD2                           (abs)        0042
_RD3                           (abs)        0043
_RD4                           (abs)        0044
_RD5                           (abs)        0045
_RD6                           (abs)        0046
_RD7                           (abs)        0047
_SSPADD                        (abs)        0093
_SSPBUF                        (abs)        0013
_SSPCON                        (abs)        0014
_SSPCON2                       (abs)        0091
_SSPCON2bits                   (abs)        0091
_SSPCONbits                    (abs)        0014
_SSPIE                         (abs)        0463
_SSPIF                         (abs)        0063
_SSPSTAT                       (abs)        0094
_SSPSTATbits                   (abs)        0094
_T2CONbits                     (abs)        0012
_TMR0                          (abs)        0001
_TRISA                         (abs)        0085
_TRISB                         (abs)        0086
_TRISC                         (abs)        0087
_TRISC3                        (abs)        043B
_TRISC4                        (abs)        043C
_TRISCbits                     (abs)        0087
_TRISD                         (abs)        0088
_TRISE                         (abs)        0089
__CFG_BOR4V$BOR40V             (abs)        0000
__CFG_BOREN$OFF                (abs)        0000
__CFG_CP$OFF                   (abs)        0000
__CFG_CPD$OFF                  (abs)        0000
__CFG_FCMEN$OFF                (abs)        0000
__CFG_FOSC$INTRC_NOCLKOUT      (abs)        0000
__CFG_IESO$OFF                 (abs)        0000
__CFG_LVP$OFF                  (abs)        0000
__CFG_MCLRE$ON                 (abs)        0000
__CFG_PWRTE$OFF                (abs)        0000
__CFG_WDTE$OFF                 (abs)        0000
__CFG_WRT$OFF                  (abs)        0000
__Habs1                        abs1         0000
__Hbank0                       bank0        0000
__Hbank1                       bank1        0000
__Hbank2                       bank2        0000
__Hbank3                       bank3        0000
__HbssBANK0                    bssBANK0     0000
__HbssCOMMON                   bssCOMMON    0000
__Hcinit                       cinit        0042
__Hclrtext                     clrtext      0000
__Hcode                        code         0000
__Hcommon                      common       0000
__Hconfig                      config       2009
__HcstackBANK0                 cstackBANK0  0000
__HcstackCOMMON                cstackCOMMON 0000
__HdataBANK0                   dataBANK0    0000
__Heeprom_data                 eeprom_data  0000
__Hend_init                    end_init     000F
__Hfunctab                     functab      0000
__HidataBANK0                  idataBANK0   0000
__Hidloc                       idloc        0000
__Hinit                        init         000C
__Hintentry                    intentry     000C
__Hmaintext                    maintext     0000
__Hpowerup                     powerup      0000
__Hram                         ram          0000
__Hreset_vec                   reset_vec    0003
__Hsfr0                        sfr0         0000
__Hsfr1                        sfr1         0000
__Hsfr2                        sfr2         0000
__Hsfr3                        sfr3         0000
__Hspace_0                     (abs)        2009
__Hspace_1                     (abs)        007B
__Hspace_2                     (abs)        0000
__Hspace_3                     (abs)        0000
__Hstack                       stack        0000
__Hstrings                     strings      0000
__Htext                        text         0000
__Labs1                        abs1         0000
__Lbank0                       bank0        0000
__Lbank1                       bank1        0000
__Lbank2                       bank2        0000
__Lbank3                       bank3        0000
__LbssBANK0                    bssBANK0     0000
__LbssCOMMON                   bssCOMMON    0000
__Lcinit                       cinit        000F
__Lclrtext                     clrtext      0000
__Lcode                        code         0000
__Lcommon                      common       0000
__Lconfig                      config       2007
__LcstackBANK0                 cstackBANK0  0000
__LcstackCOMMON                cstackCOMMON 0000
__LdataBANK0                   dataBANK0    0000
__Leeprom_data                 eeprom_data  0000
__Lend_init                    end_init     000C
__Lfunctab                     functab      0000
__LidataBANK0                  idataBANK0   0000
__Lidloc                       idloc        0000
__Linit                        init         000C
__Lintentry                    intentry     0004
__Lmaintext                    maintext     0000
__Lpowerup                     powerup      0000
__Lram                         ram          0000
__Lreset_vec                   reset_vec    0000
__Lsfr0                        sfr0         0000
__Lsfr1                        sfr1         0000
__Lsfr2                        sfr2         0000
__Lsfr3                        sfr3         0000
__Lspace_0                     (abs)        0000
__Lspace_1                     (abs)        0000
__Lspace_2                     (abs)        0000
__Lspace_3                     (abs)        0000
__Lstack                       stack        0000
__Lstrings                     strings      0000
__Ltext                        text         0000
__S0                           (abs)        2009
__S1                           (abs)        007B
__S2                           (abs)        0000
__S3                           (abs)        0000
___int_sp                      stack        0000
___latbits                     (abs)        0002
___sp                          stack        0000
__end_of_I2C_Slave_Init        text16       0762
__end_of_InitKeypad            text15       07C3
__end_of_Lcd_Clear_8bits       text13       07BA
__end_of_Lcd_Cmd_8bits         text14       07A0
__end_of_Lcd_Init_8bits        text12       06BE
__end_of_Lcd_Port              text10       0710
__end_of_Lcd_Set_Cursor_8bits  text11       072E
__end_of_Lcd_Write_Char        text9        0673
__end_of_Lcd_Write_String      text8        06ED
__end_of_PWMconf               text7        0748
__end_of__initialization       cinit        003E
__end_of__stringtab            strings      041E
__end_of_funcAdc               text6        05C4
__end_of_init                  text5        0790
__end_of_initOsc               text4        0621
__end_of_initTMR0              text3        07AD
__end_of_interrupciones        text17       0553
__end_of_keypad_scanner        text2        0418
__end_of_main                  maintext     0283
__end_of_switch_press_scan     text1        077A
__initialization               cinit        000F
__pbssBANK0                    bssBANK0     0032
__pbssCOMMON                   bssCOMMON    0077
__pcstackBANK0                 cstackBANK0  0020
__pcstackCOMMON                cstackCOMMON 0070
__pdataBANK0                   dataBANK0    003F
__pidataBANK0                  idataBANK0   07C3
__pintentry                    intentry     0004
__pmaintext                    maintext     0042
__pstrings                     strings      0418
__ptext1                       text1        0762
__ptext10                      text10       06ED
__ptext11                      text11       0710
__ptext12                      text12       0673
__ptext13                      text13       07AD
__ptext14                      text14       0790
__ptext15                      text15       07BA
__ptext16                      text16       0748
__ptext17                      text17       04BE
__ptext2                       text2        0283
__ptext3                       text3        07A0
__ptext4                       text4        05C4
__ptext5                       text5        077A
__ptext6                       text6        0553
__ptext7                       text7        072E
__ptext8                       text8        06BE
__ptext9                       text9        0621
__size_of_I2C_Slave_Init       (abs)        0000
__size_of_InitKeypad           (abs)        0000
__size_of_Lcd_Clear_8bits      (abs)        0000
__size_of_Lcd_Cmd_8bits        (abs)        0000
__size_of_Lcd_Init_8bits       (abs)        0000
__size_of_Lcd_Port             (abs)        0000
__size_of_Lcd_Set_Cursor_8bits (abs)        0000
__size_of_Lcd_Write_Char       (abs)        0000
__size_of_Lcd_Write_String     (abs)        0000
__size_of_PWMconf              (abs)        0000
__size_of_funcAdc              (abs)        0000
__size_of_init                 (abs)        0000
__size_of_initOsc              (abs)        0000
__size_of_initTMR0             (abs)        0000
__size_of_interrupciones       (abs)        0000
__size_of_keypad_scanner       (abs)        0000
__size_of_main                 (abs)        0000
__size_of_switch_press_scan    (abs)        0000
__stringbase                   strings      041D
__stringtab                    strings      0418
_compara                       bssBANK0     0032
_cont                          bssBANK0     003D
_contraAct                     bssBANK0     003E
_contrasena                    dataBANK0    003F
_funcAdc                       text6        0553
_init                          text5        077A
_initOsc                       text4        05C4
_initTMR0                      text3        07A0
_interrupciones                text17       04BE
_keypad_scanner                text2        0283
_main                          maintext     0042
_res                           bssCOMMON    0079
_switch_press_scan             text1        0762
_z                             bssCOMMON    0078
btemp                          (abs)        007E
end_of_initialization          cinit        003E
funcAdc@anaP                   cstackCOMMON 0073
funcAdc@divD                   cstackBANK0  0020
funcAdc@just                   cstackCOMMON 0074
initOsc@frec                   cstackCOMMON 0075
interrupt_function             intentry     0004
intlevel0                      functab      0000
intlevel1                      functab      0000
intlevel2                      functab      0000
intlevel3                      functab      0000
intlevel4                      functab      0000
intlevel5                      functab      0000
main@Key                       cstackBANK0  0031
main@i                         cstackBANK0  002F
main@valor1                    cstackBANK0  002B
main@valor2                    cstackBANK0  002D
reset_vec                      reset_vec    0000
saved_w                        (abs)        007E
stackhi                        (abs)        0000
stacklo                        (abs)        0000
start                          init         000C
start_initialization           cinit        000F
switch_press_scan@key          cstackCOMMON 0076
wtemp0                         (abs)        007E


FUNCTION INFORMATION:

 *************** function _main *****************
 Defined at:
		line 125 in file "mainS1proyect.c"
 Parameters:    Size  Location     Type
		None
 Auto vars:     Size  Location     Type
  valor2          2   13[BANK0 ] int 
  valor1          2   11[BANK0 ] int 
  i               2   15[BANK0 ] int 
  Key             1   17[BANK0 ] unsigned char 
 Return value:  Size  Location     Type
                  1    wreg      void 
 Registers used:
		wreg, fsr0l, fsr0h, status,2, status,0, btemp+1, pclath, cstack
 Tracked objects:
		On entry : 
		On exit  : 
		Unchanged: 
 Data sizes:     COMMON   BANK0   BANK1   BANK3   BANK2
      Params:         0       0       0       0       0
      Locals:         0       7       0       0       0
      Temps:          0       3       0       0       0
      Totals:         0      10       0       0       0
Total ram usage:       10 bytes
 Hardware stack levels required when called:    4
 This function calls:
		_I2C_Slave_Init
		_InitKeypad
		_Lcd_Clear_8bits
		_Lcd_Init_8bits
		_Lcd_Set_Cursor_8bits
		_Lcd_Write_Char
		_Lcd_Write_String
		_PWMconf
		_funcAdc
		_init
		_initOsc
		_initTMR0
		_keypad_scanner
		_switch_press_scan
 This function is called by:
		Startup code after reset
 This function uses a non-reentrant model


 *************** function _switch_press_scan *****************
 Defined at:
		line 90 in file "KEYPAD.c"
 Parameters:    Size  Location     Type
		None
 Auto vars:     Size  Location     Type
  key             1    6[COMMON] unsigned char 
 Return value:  Size  Location     Type
                  1    wreg      unsigned char 
 Registers used:
		wreg, status,2, status,0, pclath, cstack
 Tracked objects:
		On entry : 
		On exit  : 
		Unchanged: 
 Data sizes:     COMMON   BANK0   BANK1   BANK3   BANK2
      Params:         0       0       0       0       0
      Locals:         1       0       0       0       0
      Temps:          1       0       0       0       0
      Totals:         2       0       0       0       0
Total ram usage:        2 bytes
 Hardware stack levels used:    1
 Hardware stack levels required when called:    2
 This function calls:
		_keypad_scanner
 This function is called by:
		_main
 This function uses a non-reentrant model


 *************** function _keypad_scanner *****************
 Defined at:
		line 14 in file "KEYPAD.c"
 Parameters:    Size  Location     Type
		None
 Auto vars:     Size  Location     Type
		None
 Return value:  Size  Location     Type
                  1    wreg      unsigned char 
 Registers used:
		wreg
 Tracked objects:
		On entry : 
		On exit  : 
		Unchanged: 
 Data sizes:     COMMON   BANK0   BANK1   BANK3   BANK2
      Params:         0       0       0       0       0
      Locals:         0       0       0       0       0
      Temps:          2       0       0       0       0
      Totals:         2       0       0       0       0
Total ram usage:        2 bytes
 Hardware stack levels used:    1
 Hardware stack levels required when called:    1
 This function calls:
		Nothing
 This function is called by:
		_main
		_switch_press_scan
 This function uses a non-reentrant model


 *************** function _initTMR0 *****************
 Defined at:
		line 298 in file "mainS1proyect.c"
 Parameters:    Size  Location     Type
		None
 Auto vars:     Size  Location     Type
		None
 Return value:  Size  Location     Type
                  1    wreg      void 
 Registers used:
		wreg
 Tracked objects:
		On entry : 
		On exit  : 
		Unchanged: 
 Data sizes:     COMMON   BANK0   BANK1   BANK3   BANK2
      Params:         0       0       0       0       0
      Locals:         0       0       0       0       0
      Temps:          0       0       0       0       0
      Totals:         0       0       0       0       0
Total ram usage:        0 bytes
 Hardware stack levels used:    1
 Hardware stack levels required when called:    1
 This function calls:
		Nothing
 This function is called by:
		_main
 This function uses a non-reentrant model


 *************** function _initOsc *****************
 Defined at:
		line 9 in file "FuncionOscilador.c"
 Parameters:    Size  Location     Type
  frec            1    wreg     unsigned char 
 Auto vars:     Size  Location     Type
  frec            1    5[COMMON] unsigned char 
 Return value:  Size  Location     Type
                  1    wreg      void 
 Registers used:
		wreg, fsr0l, fsr0h, status,2, status,0
 Tracked objects:
		On entry : 
		On exit  : 
		Unchanged: 
 Data sizes:     COMMON   BANK0   BANK1   BANK3   BANK2
      Params:         0       0       0       0       0
      Locals:         1       0       0       0       0
      Temps:          2       0       0       0       0
      Totals:         3       0       0       0       0
Total ram usage:        3 bytes
 Hardware stack levels used:    1
 Hardware stack levels required when called:    1
 This function calls:
		Nothing
 This function is called by:
		_main
 This function uses a non-reentrant model


 *************** function _init *****************
 Defined at:
		line 248 in file "mainS1proyect.c"
 Parameters:    Size  Location     Type
		None
 Auto vars:     Size  Location     Type
		None
 Return value:  Size  Location     Type
                  1    wreg      void 
 Registers used:
		wreg, status,2
 Tracked objects:
		On entry : 
		On exit  : 
		Unchanged: 
 Data sizes:     COMMON   BANK0   BANK1   BANK3   BANK2
      Params:         0       0       0       0       0
      Locals:         0       0       0       0       0
      Temps:          0       0       0       0       0
      Totals:         0       0       0       0       0
Total ram usage:        0 bytes
 Hardware stack levels used:    1
 Hardware stack levels required when called:    1
 This function calls:
		Nothing
 This function is called by:
		_main
 This function uses a non-reentrant model


 *************** function _funcAdc *****************
 Defined at:
		line 9 in file "ADCconf.c"
 Parameters:    Size  Location     Type
  divD            1    wreg     unsigned char 
  anaP            1    3[COMMON] unsigned char 
  just            1    4[COMMON] unsigned char 
 Auto vars:     Size  Location     Type
  divD            1    0[BANK0 ] unsigned char 
 Return value:  Size  Location     Type
                  1    wreg      void 
 Registers used:
		wreg, fsr0l, fsr0h, status,2, status,0
 Tracked objects:
		On entry : 
		On exit  : 
		Unchanged: 
 Data sizes:     COMMON   BANK0   BANK1   BANK3   BANK2
      Params:         2       0       0       0       0
      Locals:         0       1       0       0       0
      Temps:          2       0       0       0       0
      Totals:         4       1       0       0       0
Total ram usage:        5 bytes
 Hardware stack levels used:    1
 Hardware stack levels required when called:    1
 This function calls:
		Nothing
 This function is called by:
		_main
 This function uses a non-reentrant model


 *************** function _PWMconf *****************
 Defined at:
		line 269 in file "mainS1proyect.c"
 Parameters:    Size  Location     Type
		None
 Auto vars:     Size  Location     Type
		None
 Return value:  Size  Location     Type
                  1    wreg      void 
 Registers used:
		wreg
 Tracked objects:
		On entry : 
		On exit  : 
		Unchanged: 
 Data sizes:     COMMON   BANK0   BANK1   BANK3   BANK2
      Params:         0       0       0       0       0
      Locals:         0       0       0       0       0
      Temps:          0       0       0       0       0
      Totals:         0       0       0       0       0
Total ram usage:        0 bytes
 Hardware stack levels used:    1
 Hardware stack levels required when called:    1
 This function calls:
		Nothing
 This function is called by:
		_main
 This function uses a non-reentrant model


 *************** function _Lcd_Write_String *****************
 Defined at:
		line 127 in file "LCD.c"
 Parameters:    Size  Location     Type
  a               1    wreg     PTR unsigned char 
		 -> STR_11(11), STR_10(16), STR_9(17), STR_8(17), 
		 -> STR_7(10), STR_6(16), STR_5(15), STR_4(8), 
		 -> STR_3(16), STR_2(17), STR_1(17), 
  modo            2    3[BANK0 ] int 
 Auto vars:     Size  Location     Type
  a               1    7[BANK0 ] PTR unsigned char 
		 -> STR_11(11), STR_10(16), STR_9(17), STR_8(17), 
		 -> STR_7(10), STR_6(16), STR_5(15), STR_4(8), 
		 -> STR_3(16), STR_2(17), STR_1(17), 
  i               2    5[BANK0 ] int 
 Return value:  Size  Location     Type
                  1    wreg      void 
 Registers used:
		wreg, fsr0l, fsr0h, status,2, status,0, pclath, cstack
 Tracked objects:
		On entry : 
		On exit  : 
		Unchanged: 
 Data sizes:     COMMON   BANK0   BANK1   BANK3   BANK2
      Params:         0       2       0       0       0
      Locals:         0       3       0       0       0
      Temps:          0       0       0       0       0
      Totals:         0       5       0       0       0
Total ram usage:        5 bytes
 Hardware stack levels used:    1
 Hardware stack levels required when called:    3
 This function calls:
		_Lcd_Write_Char
 This function is called by:
		_main
 This function uses a non-reentrant model


 *************** function _Lcd_Write_Char *****************
 Defined at:
		line 98 in file "LCD.c"
 Parameters:    Size  Location     Type
  a               1    wreg     unsigned char 
  modo            2    4[COMMON] int 
 Auto vars:     Size  Location     Type
  a               1    2[BANK0 ] unsigned char 
  y               1    1[BANK0 ] unsigned char 
  temp            1    0[BANK0 ] unsigned char 
 Return value:  Size  Location     Type
                  1    wreg      void 
 Registers used:
		wreg, status,2, status,0, pclath, cstack
 Tracked objects:
		On entry : 
		On exit  : 
		Unchanged: 
 Data sizes:     COMMON   BANK0   BANK1   BANK3   BANK2
      Params:         2       0       0       0       0
      Locals:         0       3       0       0       0
      Temps:          1       0       0       0       0
      Totals:         3       3       0       0       0
Total ram usage:        6 bytes
 Hardware stack levels used:    1
 Hardware stack levels required when called:    2
 This function calls:
		_Lcd_Port
 This function is called by:
		_main
		_Lcd_Write_String
 This function uses a non-reentrant model


 *************** function _Lcd_Port *****************
 Defined at:
		line 20 in file "LCD.c"
 Parameters:    Size  Location     Type
  a               1    wreg     unsigned char 
 Auto vars:     Size  Location     Type
  a               1    3[COMMON] unsigned char 
 Return value:  Size  Location     Type
                  1    wreg      void 
 Registers used:
		wreg
 Tracked objects:
		On entry : 
		On exit  : 
		Unchanged: 
 Data sizes:     COMMON   BANK0   BANK1   BANK3   BANK2
      Params:         0       0       0       0       0
      Locals:         1       0       0       0       0
      Temps:          0       0       0       0       0
      Totals:         1       0       0       0       0
Total ram usage:        1 bytes
 Hardware stack levels used:    1
 Hardware stack levels required when called:    1
 This function calls:
		Nothing
 This function is called by:
		_Lcd_Write_Char
		_Lcd_Cmd
		_Lcd_Init
 This function uses a non-reentrant model


 *************** function _Lcd_Set_Cursor_8bits *****************
 Defined at:
		line 179 in file "LCD.c"
 Parameters:    Size  Location     Type
  y               1    wreg     unsigned char 
  x               1    5[COMMON] unsigned char 
 Auto vars:     Size  Location     Type
  y               1    6[COMMON] unsigned char 
 Return value:  Size  Location     Type
                  1    wreg      void 
 Registers used:
		wreg, status,2, status,0, pclath, cstack
 Tracked objects:
		On entry : 
		On exit  : 
		Unchanged: 
 Data sizes:     COMMON   BANK0   BANK1   BANK3   BANK2
      Params:         1       0       0       0       0
      Locals:         1       0       0       0       0
      Temps:          0       0       0       0       0
      Totals:         2       0       0       0       0
Total ram usage:        2 bytes
 Hardware stack levels used:    1
 Hardware stack levels required when called:    2
 This function calls:
		_Lcd_Cmd_8bits
 This function is called by:
		_main
 This function uses a non-reentrant model


 *************** function _Lcd_Init_8bits *****************
 Defined at:
		line 193 in file "LCD.c"
 Parameters:    Size  Location     Type
		None
 Auto vars:     Size  Location     Type
		None
 Return value:  Size  Location     Type
                  1    wreg      void 
 Registers used:
		wreg, status,2, status,0, pclath, cstack
 Tracked objects:
		On entry : 
		On exit  : 
		Unchanged: 
 Data sizes:     COMMON   BANK0   BANK1   BANK3   BANK2
      Params:         0       0       0       0       0
      Locals:         0       0       0       0       0
      Temps:          2       0       0       0       0
      Totals:         2       0       0       0       0
Total ram usage:        2 bytes
 Hardware stack levels used:    1
 Hardware stack levels required when called:    2
 This function calls:
		_Lcd_Cmd_8bits
 This function is called by:
		_main
 This function uses a non-reentrant model


 *************** function _Lcd_Clear_8bits *****************
 Defined at:
		line 160 in file "LCD.c"
 Parameters:    Size  Location     Type
		None
 Auto vars:     Size  Location     Type
		None
 Return value:  Size  Location     Type
                  1    wreg      void 
 Registers used:
		wreg, status,2, status,0, pclath, cstack
 Tracked objects:
		On entry : 
		On exit  : 
		Unchanged: 
 Data sizes:     COMMON   BANK0   BANK1   BANK3   BANK2
      Params:         0       0       0       0       0
      Locals:         0       0       0       0       0
      Temps:          0       0       0       0       0
      Totals:         0       0       0       0       0
Total ram usage:        0 bytes
 Hardware stack levels used:    1
 Hardware stack levels required when called:    2
 This function calls:
		_Lcd_Cmd_8bits
 This function is called by:
		_main
 This function uses a non-reentrant model


 *************** function _Lcd_Cmd_8bits *****************
 Defined at:
		line 149 in file "LCD.c"
 Parameters:    Size  Location     Type
  comando         1    wreg     unsigned char 
 Auto vars:     Size  Location     Type
  comando         1    4[COMMON] unsigned char 
 Return value:  Size  Location     Type
                  1    wreg      void 
 Registers used:
		wreg
 Tracked objects:
		On entry : 
		On exit  : 
		Unchanged: 
 Data sizes:     COMMON   BANK0   BANK1   BANK3   BANK2
      Params:         0       0       0       0       0
      Locals:         1       0       0       0       0
      Temps:          1       0       0       0       0
      Totals:         2       0       0       0       0
Total ram usage:        2 bytes
 Hardware stack levels used:    1
 Hardware stack levels required when called:    1
 This function calls:
		Nothing
 This function is called by:
		_Lcd_Clear_8bits
		_Lcd_Set_Cursor_8bits
		_Lcd_Init_8bits
		_Lcd_Shift_Right_8bits
		_Lcd_Shift_Left_8bits
 This function uses a non-reentrant model


 *************** function _InitKeypad *****************
 Defined at:
		line 97 in file "KEYPAD.c"
 Parameters:    Size  Location     Type
		None
 Auto vars:     Size  Location     Type
		None
 Return value:  Size  Location     Type
                  1    wreg      void 
 Registers used:
		wreg, status,2
 Tracked objects:
		On entry : 
		On exit  : 
		Unchanged: 
 Data sizes:     COMMON   BANK0   BANK1   BANK3   BANK2
      Params:         0       0       0       0       0
      Locals:         0       0       0       0       0
      Temps:          0       0       0       0       0
      Totals:         0       0       0       0       0
Total ram usage:        0 bytes
 Hardware stack levels used:    1
 Hardware stack levels required when called:    1
 This function calls:
		Nothing
 This function is called by:
		_main
 This function uses a non-reentrant model


 *************** function _I2C_Slave_Init *****************
 Defined at:
		line 93 in file "I2C.c"
 Parameters:    Size  Location     Type
  address         1    wreg     unsigned char 
 Auto vars:     Size  Location     Type
  address         1    3[COMMON] unsigned char 
 Return value:  Size  Location     Type
                  1    wreg      void 
 Registers used:
		wreg
 Tracked objects:
		On entry : 
		On exit  : 
		Unchanged: 
 Data sizes:     COMMON   BANK0   BANK1   BANK3   BANK2
      Params:         0       0       0       0       0
      Locals:         1       0       0       0       0
      Temps:          0       0       0       0       0
      Totals:         1       0       0       0       0
Total ram usage:        1 bytes
 Hardware stack levels used:    1
 Hardware stack levels required when called:    1
 This function calls:
		Nothing
 This function is called by:
		_main
 This function uses a non-reentrant model


 *************** function _interrupciones *****************
 Defined at:
		line 58 in file "mainS1proyect.c"
 Parameters:    Size  Location     Type
		None
 Auto vars:     Size  Location     Type
		None
 Return value:  Size  Location     Type
                  1    wreg      void 
 Registers used:
		wreg, status,2
 Tracked objects:
		On entry : 
		On exit  : 
		Unchanged: 
 Data sizes:     COMMON   BANK0   BANK1   BANK3   BANK2
      Params:         0       0       0       0       0
      Locals:         0       0       0       0       0
      Temps:          3       0       0       0       0
      Totals:         3       0       0       0       0
Total ram usage:        3 bytes
 Hardware stack levels used:    1
 This function calls:
		Nothing
 This function is called by:
		Interrupt level 1
 This function uses a non-reentrant model



MODULE INFORMATION

Module		Function		Class		Link	Load	Size
KEYPAD.c
		_InitKeypad    		CODE           	07BA	0000	10
		_switch_press_scan		CODE           	0762	0000	25
		_keypad_scanner		CODE           	0283	0000	406

KEYPAD.c estimated size: 441

I2C.c
		_I2C_Slave_Init		CODE           	0748	0000	27

I2C.c estimated size: 27

shared
		__stringtab    		STRING         	0418	0000	7
		__initialization		CODE           	000F	0000	48

shared estimated size: 55

FuncionOscilador.c
		_initOsc       		CODE           	05C4	0000	94

FuncionOscilador.c estimated size: 94

ADCconf.c
		_funcAdc       		CODE           	0553	0000	114

ADCconf.c estimated size: 114

mainS1proyect.c
		_init          		CODE           	077A	0000	23
		_main          		CODE           	0042	0000	578
		_initTMR0      		CODE           	07A0	0000	14
		_PWMconf       		CODE           	072E	0000	27
		_interrupciones		CODE           	04BE	0000	150

mainS1proyect.c estimated size: 792

LCD.c
		_Lcd_Write_String		CODE           	06BE	0000	48
		_Lcd_Write_Char		CODE           	0621	0000	83
		_Lcd_Clear_8bits		CODE           	07AD	0000	14
		_Lcd_Set_Cursor_8bits		CODE           	0710	0000	31
		_Lcd_Init_8bits		CODE           	0673	0000	76
		_Lcd_Cmd_8bits 		CODE           	0790	0000	17
		_Lcd_Port      		CODE           	06ED	0000	36

LCD.c estimated size: 305

