Microchip MPLAB XC8 Compiler V2.00 ()

Linker command line:

-W-3 --edf=C:\Program Files (x86)\Microchip\xc8\v2.00\pic\dat\en_msgs.txt \
  -cs -h+dist/default/production\Slave1PWM.X.production.sym \
  --cmf=dist/default/production\Slave1PWM.X.production.cmf -z -Q16F887 \
  -oC:\Users\DIBUJO~1\AppData\Local\Temp\shls.2 --defsym=__MPLAB_BUILD=1 \
  -Mdist/default/production/Slave1PWM.X.production.map -E1 -ver=XC8 \
  --acfsm=1493 -ASTACK=0110h-016fh -pstack=STACK -ACODE=00h-07FFhx4 \
  -ASTRCODE=00h-01FFFh -ASTRING=00h-0FFhx32 -ACONST=00h-0FFhx32 \
  -AENTRY=00h-0FFhx32 -ACOMMON=070h-07Fh -ABANK0=020h-06Fh \
  -ABANK1=0A0h-0EFh -ABANK2=0110h-016Fh -ABANK3=0190h-01EFh \
  -ARAM=020h-06Fh,0A0h-0EFh,0110h-016Fh,0190h-01EFh \
  -AABS1=020h-07Fh,0A0h-0EFh,0110h-016Fh,0190h-01EFh -ASFR0=00h-01Fh \
  -ASFR1=080h-09Fh -ASFR2=0100h-010Fh -ASFR3=0180h-018Fh \
  -preset_vec=00h,intentry=04h,init,end_init -ppowerup=CODE -pcinit=CODE \
  -pfunctab=ENTRY -ACONFIG=02007h-02008h -pconfig=CONFIG -DCONFIG=2 \
  -AIDLOC=02000h-02003h -pidloc=IDLOC -DIDLOC=2 -AEEDATA=00h-0FFh/02100h \
  -peeprom_data=EEDATA -DEEDATA=2 -DCODE=2 -DSTRCODE=2 -DSTRING=2 -DCONST=2 \
  -DENTRY=2 -k C:\Users\DIBUJO~1\AppData\Local\Temp\shls.o \
  dist/default/production\Slave1PWM.X.production.o 

Object code version is 3.11

Machine type is 16F887



                Name                               Link     Load   Length Selector   Space Scale
C:\Users\DIBUJO~1\AppData\Local\Temp\shls.o
                end_init                              C        C        3        8       0
                reset_vec                             0        0        3        0       0
                config                             2007     2007        2     400E       0
dist/default/production\Slave1PWM.X.production.o
                cinit                                 F        F        C        8       0
                intentry                              4        4        8        8       0
                text17                              F7B      F7B       14     1EF6       0
                text16                              F6B      F6B       10     1ED6       0
                text15                              F5E      F5E        D     1EBC       0
                text14                              781      781       4B        8       0
                text13                              FBF      FBF       1E     1F7E       0
                text12                              FDD      FDD       23     1FBA       0
                text11                              72F      72F       52        8       0
                text10                              7CC      7CC       2F        8       0
                text9                               FA5      FA5       1A     1F4A       0
                text8                               5FA      5FA       73        8       0
                text7                               66D      66D       65        8       0
                text6                                1B       1B      209        8       0
                text5                               4DF      4DF       9C        8       0
                text4                               41B      41B       C4        8       0
                text3                               57B      57B       7F        8       0
                text2                               F8F      F8F       16     1F1E       0
                text1                               6D2      6D2       5D        8       0
                maintext                            224      224      1F7        8       0
                cstackBANK0                          20       20       31       20       1
                cstackCOMMON                         70       70        9       70       1
                bssBANK0                             51       51        4       20       1
                bssCOMMON                            79       79        2       70       1
                strings                             800      800       43     1000       0

TOTAL           Name                               Link     Load   Length     Space
        CLASS   STACK          

        CLASS   CODE           
                end_init                              C        C        3         0
                cinit                                 F        F        C         0
                intentry                              4        4        8         0
                reset_vec                             0        0        3         0
                text17                              F7B      F7B       14         0
                text16                              F6B      F6B       10         0
                text15                              F5E      F5E        D         0
                text14                              781      781       4B         0
                text13                              FBF      FBF       1E         0
                text12                              FDD      FDD       23         0
                text11                              72F      72F       52         0
                text10                              7CC      7CC       2F         0
                text9                               FA5      FA5       1A         0
                text8                               5FA      5FA       73         0
                text7                               66D      66D       65         0
                text6                                1B       1B      209         0
                text5                               4DF      4DF       9C         0
                text4                               41B      41B       C4         0
                text3                               57B      57B       7F         0
                text2                               F8F      F8F       16         0
                text1                               6D2      6D2       5D         0
                maintext                            224      224      1F7         0

        CLASS   STRCODE        

        CLASS   STRING         
                strings                             800      800       43         0

        CLASS   CONST          

        CLASS   ENTRY          

        CLASS   COMMON         
                cstackCOMMON                         70       70        9         1
                bssCOMMON                            79       79        2         1

        CLASS   BANK0          
                cstackBANK0                          20       20       31         1
                bssBANK0                             51       51        4         1

        CLASS   BANK1          

        CLASS   BANK2          

        CLASS   BANK3          

        CLASS   RAM            

        CLASS   ABS1           
                abs_s1                               7E       7E        2         1

        CLASS   SFR0           

        CLASS   SFR1           

        CLASS   SFR2           

        CLASS   SFR3           

        CLASS   CONFIG         
                config                             2007     2007        2         0

        CLASS   IDLOC          

        CLASS   EEDATA         



SEGMENTS        Name                           Load    Length   Top    Selector   Space  Class     Delta

                reset_vec                      000000  000003  000003         0       0  CODE        2
                intentry                       000004  0007F7  0007FB         8       0  CODE        2
                cstackBANK0                    000020  000035  000055        20       1  BANK0       1
                cstackCOMMON                   000070  00000B  00007B        70       1  COMMON      1
                strings                        000800  000043  000843      1000       0  STRING      2
                text15                         000F5E  00000D  000F6B      1EBC       0  CODE        2
                text16                         000F6B  000010  000F7B      1ED6       0  CODE        2
                text17                         000F7B  000014  000F8F      1EF6       0  CODE        2
                text2                          000F8F  000016  000FA5      1F1E       0  CODE        2
                text9                          000FA5  00001A  000FBF      1F4A       0  CODE        2
                text13                         000FBF  00001E  000FDD      1F7E       0  CODE        2
                text12                         000FDD  000023  001000      1FBA       0  CODE        2
                config                         002007  000002  002009      400E       0  CONFIG      2


UNUSED ADDRESS RANGES

        Name                Unused          Largest block    Delta
        BANK0            0055-006F             1B           1
        BANK1            00A0-00EF             50           1
        BANK2            0110-016F             60           1
        BANK3            0190-01EF             60           1
        CODE             0003-0003              1           2
                         07FB-07FF              5
                         0843-0F5D            71B
                         1000-1FFF            800
        COMMON           007B-007D              3           1
        CONST            0003-0003              1           2
                         07FB-07FF              5
                         0843-0F5D            100
                         1000-1FFF            100
        EEDATA           2100-21FF            100           2
        ENTRY            0003-0003              1           2
                         07FB-07FF              5
                         0843-0F5D            100
                         1000-1FFF            100
        IDLOC            2000-2003              4           2
        RAM              0055-006F             1B           1
                         00A0-00EF             50
                         0110-016F             60
                         0190-01EF             60
        SFR0             0000-001F             20           1
        SFR1             0080-009F             20           1
        SFR2             0100-010F             10           1
        SFR3             0180-018F             10           1
        STACK            0110-016F             60           1
        STRCODE          0003-0003              1           2
                         07FB-07FF              5
                         0843-0F5D            71B
                         1000-1FFF           1000
        STRING           0003-0003              1           2
                         07FB-07FF              5
                         0843-0F5D            100
                         1000-1FFF            100

                                  Symbol Table

?___awdiv                      cstackCOMMON 0073
?___awmod                      cstackCOMMON 0073
?___fldiv                      cstackBANK0  002A
?___fltol                      cstackBANK0  0044
?___xxtofl                     cstackCOMMON 0073
Lcd_Cmd_8bits@comando          cstackCOMMON 0074
Lcd_Port@a                     cstackCOMMON 0073
Lcd_Set_Cursor_8bits@x         cstackCOMMON 0075
Lcd_Set_Cursor_8bits@y         cstackCOMMON 0076
Lcd_Write_Char@a               cstackBANK0  0022
Lcd_Write_Char@modo            cstackCOMMON 0074
Lcd_Write_Char@temp            cstackBANK0  0020
Lcd_Write_Char@y               cstackBANK0  0021
Lcd_Write_String@a             cstackBANK0  0027
Lcd_Write_String@i             cstackBANK0  0025
Lcd_Write_String@modo          cstackBANK0  0023
_ADCON0bits                    (abs)        001F
_ADCON1bits                    (abs)        009F
_ADRESH                        (abs)        001E
_ANSEL                         (abs)        0188
_ANSELH                        (abs)        0189
_ANSELbits                     (abs)        0188
_CCP1CONbits                   (abs)        0017
_CCPR1L                        (abs)        0015
_GIE                           (abs)        005F
_INTCONbits                    (abs)        000B
_Lcd_Clear_8bits               text15       0F5E
_Lcd_Cmd_8bits                 text16       0F6B
_Lcd_Init_8bits                text14       0781
_Lcd_Port                      text12       0FDD
_Lcd_Set_Cursor_8bits          text13       0FBF
_Lcd_Write_Char                text11       072F
_Lcd_Write_String              text10       07CC
_OPTION_REG                    (abs)        0081
_OSCCONbits                    (abs)        008F
_PEIE                          (abs)        005E
_PIE1bits                      (abs)        008C
_PIR1bits                      (abs)        000C
_PORTA                         (abs)        0005
_PORTB                         (abs)        0006
_PORTBbits                     (abs)        0006
_PORTC                         (abs)        0007
_PORTD                         (abs)        0008
_PORTE                         (abs)        0009
_PORTEbits                     (abs)        0009
_PR2                           (abs)        0092
_PWMconf                       text9        0FA5
_RA1                           (abs)        0029
_RA4                           (abs)        002C
_RD0                           (abs)        0040
_RD1                           (abs)        0041
_RD2                           (abs)        0042
_RD3                           (abs)        0043
_RD4                           (abs)        0044
_RD5                           (abs)        0045
_RD6                           (abs)        0046
_RD7                           (abs)        0047
_SSPADD                        (abs)        0093
_SSPBUF                        (abs)        0013
_SSPCON                        (abs)        0014
_SSPCON2                       (abs)        0091
_SSPCON2bits                   (abs)        0091
_SSPIE                         (abs)        0463
_SSPIF                         (abs)        0063
_SSPSTAT                       (abs)        0094
_T1CON                         (abs)        0010
_T2CONbits                     (abs)        0012
_TMR1H                         (abs)        000F
_TMR1L                         (abs)        000E
_TMR1ON                        (abs)        0080
_TRISA                         (abs)        0085
_TRISB                         (abs)        0086
_TRISC                         (abs)        0087
_TRISC3                        (abs)        043B
_TRISC4                        (abs)        043C
_TRISCbits                     (abs)        0087
_TRISD                         (abs)        0088
_TRISE                         (abs)        0089
__CFG_BOR4V$BOR40V             (abs)        0000
__CFG_BOREN$ON                 (abs)        0000
__CFG_CP$OFF                   (abs)        0000
__CFG_CPD$OFF                  (abs)        0000
__CFG_FCMEN$OFF                (abs)        0000
__CFG_FOSC$INTRC_NOCLKOUT      (abs)        0000
__CFG_IESO$OFF                 (abs)        0000
__CFG_LVP$OFF                  (abs)        0000
__CFG_MCLRE$ON                 (abs)        0000
__CFG_PWRTE$OFF                (abs)        0000
__CFG_WDTE$OFF                 (abs)        0000
__CFG_WRT$OFF                  (abs)        0000
__Habs1                        abs1         0000
__Hbank0                       bank0        0000
__Hbank1                       bank1        0000
__Hbank2                       bank2        0000
__Hbank3                       bank3        0000
__HbssBANK0                    bssBANK0     0000
__HbssCOMMON                   bssCOMMON    0000
__Hcinit                       cinit        001B
__Hclrtext                     clrtext      0000
__Hcode                        code         0000
__Hcommon                      common       0000
__Hconfig                      config       2009
__HcstackBANK0                 cstackBANK0  0000
__HcstackCOMMON                cstackCOMMON 0000
__Heeprom_data                 eeprom_data  0000
__Hend_init                    end_init     000F
__Hfunctab                     functab      0000
__Hidloc                       idloc        0000
__Hinit                        init         000C
__Hintentry                    intentry     000C
__Hmaintext                    maintext     0000
__Hpowerup                     powerup      0000
__Hram                         ram          0000
__Hreset_vec                   reset_vec    0003
__Hsfr0                        sfr0         0000
__Hsfr1                        sfr1         0000
__Hsfr2                        sfr2         0000
__Hsfr3                        sfr3         0000
__Hspace_0                     (abs)        2009
__Hspace_1                     (abs)        007B
__Hspace_2                     (abs)        0000
__Hspace_3                     (abs)        0000
__Hstack                       stack        0000
__Hstrings                     strings      0000
__Htext                        text         0000
__Labs1                        abs1         0000
__Lbank0                       bank0        0000
__Lbank1                       bank1        0000
__Lbank2                       bank2        0000
__Lbank3                       bank3        0000
__LbssBANK0                    bssBANK0     0000
__LbssCOMMON                   bssCOMMON    0000
__Lcinit                       cinit        000F
__Lclrtext                     clrtext      0000
__Lcode                        code         0000
__Lcommon                      common       0000
__Lconfig                      config       2007
__LcstackBANK0                 cstackBANK0  0000
__LcstackCOMMON                cstackCOMMON 0000
__Leeprom_data                 eeprom_data  0000
__Lend_init                    end_init     000C
__Lfunctab                     functab      0000
__Lidloc                       idloc        0000
__Linit                        init         000C
__Lintentry                    intentry     0004
__Lmaintext                    maintext     0000
__Lpowerup                     powerup      0000
__Lram                         ram          0000
__Lreset_vec                   reset_vec    0000
__Lsfr0                        sfr0         0000
__Lsfr1                        sfr1         0000
__Lsfr2                        sfr2         0000
__Lsfr3                        sfr3         0000
__Lspace_0                     (abs)        0000
__Lspace_1                     (abs)        0000
__Lspace_2                     (abs)        0000
__Lspace_3                     (abs)        0000
__Lstack                       stack        0000
__Lstrings                     strings      0000
__Ltext                        text         0000
__S0                           (abs)        2009
__S1                           (abs)        007B
__S2                           (abs)        0000
__S3                           (abs)        0000
___awdiv                       text8        05FA
___awdiv@counter               cstackBANK0  0020
___awdiv@dividend              cstackCOMMON 0075
___awdiv@divisor               cstackCOMMON 0073
___awdiv@quotient              cstackBANK0  0022
___awdiv@sign                  cstackBANK0  0021
___awmod                       text7        066D
___awmod@counter               cstackBANK0  0020
___awmod@dividend              cstackCOMMON 0075
___awmod@divisor               cstackCOMMON 0073
___awmod@sign                  cstackBANK0  0021
___fldiv                       text6        001B
___fldiv@a                     cstackBANK0  002A
___fldiv@aexp                  cstackBANK0  0043
___fldiv@b                     cstackBANK0  002E
___fldiv@bexp                  cstackBANK0  0042
___fldiv@grs                   cstackBANK0  003E
___fldiv@new_exp               cstackBANK0  003C
___fldiv@rem                   cstackBANK0  0037
___fldiv@sign                  cstackBANK0  003B
___fltol                       text5        04DF
___fltol@exp1                  cstackCOMMON 0078
___fltol@f1                    cstackBANK0  0044
___fltol@sign1                 cstackCOMMON 0077
___int_sp                      stack        0000
___latbits                     (abs)        0002
___sp                          stack        0000
___xxtofl                      text4        041B
___xxtofl@arg                  cstackBANK0  0026
___xxtofl@exp                  cstackBANK0  0025
___xxtofl@sign                 cstackBANK0  0024
___xxtofl@val                  cstackCOMMON 0073
__end_of_Lcd_Clear_8bits       text15       0F6B
__end_of_Lcd_Cmd_8bits         text16       0F7B
__end_of_Lcd_Init_8bits        text14       07CC
__end_of_Lcd_Port              text12       1000
__end_of_Lcd_Set_Cursor_8bits  text13       0FDD
__end_of_Lcd_Write_Char        text11       0781
__end_of_Lcd_Write_String      text10       07FB
__end_of_PWMconf               text9        0FBF
__end_of___awdiv               text8        066D
__end_of___awmod               text7        06D2
__end_of___fldiv               text6        0224
__end_of___fltol               text5        057B
__end_of___xxtofl              text4        04DF
__end_of__initialization       cinit        0017
__end_of__stringtab            strings      0806
__end_of_funcAdc               text3        05FA
__end_of_init                  text2        0FA5
__end_of_initOsc               text1        072F
__end_of_interrupciones        text17       0F8F
__end_of_main                  maintext     041B
__initialization               cinit        000F
__pbssBANK0                    bssBANK0     0051
__pbssCOMMON                   bssCOMMON    0079
__pcstackBANK0                 cstackBANK0  0020
__pcstackCOMMON                cstackCOMMON 0070
__pintentry                    intentry     0004
__pmaintext                    maintext     0224
__pstrings                     strings      0800
__ptext1                       text1        06D2
__ptext10                      text10       07CC
__ptext11                      text11       072F
__ptext12                      text12       0FDD
__ptext13                      text13       0FBF
__ptext14                      text14       0781
__ptext15                      text15       0F5E
__ptext16                      text16       0F6B
__ptext17                      text17       0F7B
__ptext2                       text2        0F8F
__ptext3                       text3        057B
__ptext4                       text4        041B
__ptext5                       text5        04DF
__ptext6                       text6        001B
__ptext7                       text7        066D
__ptext8                       text8        05FA
__ptext9                       text9        0FA5
__size_of_Lcd_Clear_8bits      (abs)        0000
__size_of_Lcd_Cmd_8bits        (abs)        0000
__size_of_Lcd_Init_8bits       (abs)        0000
__size_of_Lcd_Port             (abs)        0000
__size_of_Lcd_Set_Cursor_8bits (abs)        0000
__size_of_Lcd_Write_Char       (abs)        0000
__size_of_Lcd_Write_String     (abs)        0000
__size_of_PWMconf              (abs)        0000
__size_of___awdiv              (abs)        0000
__size_of___awmod              (abs)        0000
__size_of___fldiv              (abs)        0000
__size_of___fltol              (abs)        0000
__size_of___xxtofl             (abs)        0000
__size_of_funcAdc              (abs)        0000
__size_of_init                 (abs)        0000
__size_of_initOsc              (abs)        0000
__size_of_interrupciones       (abs)        0000
__size_of_main                 (abs)        0000
__stringbase                   strings      0805
__stringtab                    strings      0800
_a                             bssBANK0     0051
_funcAdc                       text3        057B
_init                          text2        0F8F
_initOsc                       text1        06D2
_interrupciones                text17       0F7B
_main                          maintext     0224
_numerito                      bssBANK0     0053
_res                           bssBANK0     0054
btemp                          (abs)        007E
end_of_initialization          cinit        0017
funcAdc@anaP                   cstackCOMMON 0073
funcAdc@divD                   cstackCOMMON 0077
funcAdc@just                   cstackCOMMON 0074
initOsc@frec                   cstackCOMMON 0075
interrupt_function             intentry     0004
intlevel0                      functab      0000
intlevel1                      functab      0000
intlevel2                      functab      0000
intlevel3                      functab      0000
intlevel4                      functab      0000
intlevel5                      functab      0000
main@Key                       cstackBANK0  0050
reset_vec                      reset_vec    0000
saved_w                        (abs)        007E
stackhi                        (abs)        0000
stacklo                        (abs)        0000
start                          init         000C
start_initialization           cinit        000F
wtemp0                         (abs)        007E


FUNCTION INFORMATION:

 *************** function _main *****************
 Defined at:
		line 61 in file "mainS1proyect.c"
 Parameters:    Size  Location     Type
		None
 Auto vars:     Size  Location     Type
  Key             1   48[BANK0 ] unsigned char 
 Return value:  Size  Location     Type
                  1    wreg      void 
 Registers used:
		wreg, fsr0l, fsr0h, status,2, status,0, btemp+1, pclath, cstack
 Tracked objects:
		On entry : 
		On exit  : 
		Unchanged: 
 Data sizes:     COMMON   BANK0   BANK1   BANK3   BANK2
      Params:         0       0       0       0       0
      Locals:         0       1       0       0       0
      Temps:          0       3       0       0       0
      Totals:         0       4       0       0       0
Total ram usage:        4 bytes
 Hardware stack levels required when called:    4
 This function calls:
		_Lcd_Clear_8bits
		_Lcd_Init_8bits
		_Lcd_Set_Cursor_8bits
		_Lcd_Write_Char
		_Lcd_Write_String
		_PWMconf
		___awdiv
		___awmod
		___fldiv
		___fltol
		___xxtofl
		_funcAdc
		_init
		_initOsc
 This function is called by:
		Startup code after reset
 This function uses a non-reentrant model


 *************** function _initOsc *****************
 Defined at:
		line 9 in file "FuncionOscilador.c"
 Parameters:    Size  Location     Type
  frec            1    wreg     unsigned char 
 Auto vars:     Size  Location     Type
  frec            1    5[COMMON] unsigned char 
 Return value:  Size  Location     Type
                  1    wreg      void 
 Registers used:
		wreg, fsr0l, fsr0h, status,2, status,0
 Tracked objects:
		On entry : 
		On exit  : 
		Unchanged: 
 Data sizes:     COMMON   BANK0   BANK1   BANK3   BANK2
      Params:         0       0       0       0       0
      Locals:         1       0       0       0       0
      Temps:          2       0       0       0       0
      Totals:         3       0       0       0       0
Total ram usage:        3 bytes
 Hardware stack levels used:    1
 Hardware stack levels required when called:    1
 This function calls:
		Nothing
 This function is called by:
		_main
 This function uses a non-reentrant model


 *************** function _init *****************
 Defined at:
		line 155 in file "mainS1proyect.c"
 Parameters:    Size  Location     Type
		None
 Auto vars:     Size  Location     Type
		None
 Return value:  Size  Location     Type
                  1    wreg      void 
 Registers used:
		wreg, status,2
 Tracked objects:
		On entry : 
		On exit  : 
		Unchanged: 
 Data sizes:     COMMON   BANK0   BANK1   BANK3   BANK2
      Params:         0       0       0       0       0
      Locals:         0       0       0       0       0
      Temps:          0       0       0       0       0
      Totals:         0       0       0       0       0
Total ram usage:        0 bytes
 Hardware stack levels used:    1
 Hardware stack levels required when called:    1
 This function calls:
		Nothing
 This function is called by:
		_main
 This function uses a non-reentrant model


 *************** function _funcAdc *****************
 Defined at:
		line 9 in file "ADCconf.c"
 Parameters:    Size  Location     Type
  divD            1    wreg     unsigned char 
  anaP            1    3[COMMON] unsigned char 
  just            1    4[COMMON] unsigned char 
 Auto vars:     Size  Location     Type
  divD            1    7[COMMON] unsigned char 
 Return value:  Size  Location     Type
                  1    wreg      void 
 Registers used:
		wreg, fsr0l, fsr0h, status,2, status,0
 Tracked objects:
		On entry : 
		On exit  : 
		Unchanged: 
 Data sizes:     COMMON   BANK0   BANK1   BANK3   BANK2
      Params:         2       0       0       0       0
      Locals:         1       0       0       0       0
      Temps:          2       0       0       0       0
      Totals:         5       0       0       0       0
Total ram usage:        5 bytes
 Hardware stack levels used:    1
 Hardware stack levels required when called:    1
 This function calls:
		Nothing
 This function is called by:
		_main
 This function uses a non-reentrant model


 *************** function ___xxtofl *****************
 Defined at:
		line 10 in file "C:\Program Files (x86)\Microchip\xc8\v2.00\pic\sources\c90\common\xxtofl.c"
 Parameters:    Size  Location     Type
  sign            1    wreg     unsigned char 
  val             4    3[COMMON] long 
 Auto vars:     Size  Location     Type
  sign            1    4[BANK0 ] unsigned char 
  arg             4    6[BANK0 ] unsigned long 
  exp             1    5[BANK0 ] unsigned char 
 Return value:  Size  Location     Type
                  4    3[COMMON] unsigned char 
 Registers used:
		wreg, status,2, status,0
 Tracked objects:
		On entry : 
		On exit  : 
		Unchanged: 
 Data sizes:     COMMON   BANK0   BANK1   BANK3   BANK2
      Params:         4       0       0       0       0
      Locals:         0       6       0       0       0
      Temps:          0       4       0       0       0
      Totals:         4      10       0       0       0
Total ram usage:       14 bytes
 Hardware stack levels used:    1
 Hardware stack levels required when called:    1
 This function calls:
		Nothing
 This function is called by:
		_main
 This function uses a non-reentrant model


 *************** function ___fltol *****************
 Defined at:
		line 43 in file "C:\Program Files (x86)\Microchip\xc8\v2.00\pic\sources\c90\common\fltol.c"
 Parameters:    Size  Location     Type
  f1              4   36[BANK0 ] unsigned char 
 Auto vars:     Size  Location     Type
  exp1            1    8[COMMON] unsigned char 
  sign1           1    7[COMMON] unsigned char 
 Return value:  Size  Location     Type
                  4   36[BANK0 ] long 
 Registers used:
		wreg, status,2, status,0
 Tracked objects:
		On entry : 
		On exit  : 
		Unchanged: 
 Data sizes:     COMMON   BANK0   BANK1   BANK3   BANK2
      Params:         0       4       0       0       0
      Locals:         2       0       0       0       0
      Temps:          0       5       0       0       0
      Totals:         2       9       0       0       0
Total ram usage:       11 bytes
 Hardware stack levels used:    1
 Hardware stack levels required when called:    1
 This function calls:
		Nothing
 This function is called by:
		_main
 This function uses a non-reentrant model


 *************** function ___fldiv *****************
 Defined at:
		line 8 in file "C:\Program Files (x86)\Microchip\xc8\v2.00\pic\sources\c90\common\sprcdiv.c"
 Parameters:    Size  Location     Type
  a               4   10[BANK0 ] long 
  b               4   14[BANK0 ] long 
 Auto vars:     Size  Location     Type
  grs             4   30[BANK0 ] unsigned long 
  rem             4   23[BANK0 ] unsigned long 
  new_exp         2   28[BANK0 ] int 
  aexp            1   35[BANK0 ] unsigned char 
  bexp            1   34[BANK0 ] unsigned char 
  sign            1   27[BANK0 ] unsigned char 
 Return value:  Size  Location     Type
                  4   10[BANK0 ] unsigned char 
 Registers used:
		wreg, status,2, status,0, btemp+1
 Tracked objects:
		On entry : 
		On exit  : 
		Unchanged: 
 Data sizes:     COMMON   BANK0   BANK1   BANK3   BANK2
      Params:         0       8       0       0       0
      Locals:         0      13       0       0       0
      Temps:          0       5       0       0       0
      Totals:         0      26       0       0       0
Total ram usage:       26 bytes
 Hardware stack levels used:    1
 Hardware stack levels required when called:    1
 This function calls:
		Nothing
 This function is called by:
		_main
 This function uses a non-reentrant model


 *************** function ___awmod *****************
 Defined at:
		line 5 in file "C:\Program Files (x86)\Microchip\xc8\v2.00\pic\sources\c90\common\awmod.c"
 Parameters:    Size  Location     Type
  divisor         2    3[COMMON] int 
  dividend        2    5[COMMON] int 
 Auto vars:     Size  Location     Type
  sign            1    1[BANK0 ] unsigned char 
  counter         1    0[BANK0 ] unsigned char 
 Return value:  Size  Location     Type
                  2    3[COMMON] int 
 Registers used:
		wreg, status,2, status,0
 Tracked objects:
		On entry : 
		On exit  : 
		Unchanged: 
 Data sizes:     COMMON   BANK0   BANK1   BANK3   BANK2
      Params:         4       0       0       0       0
      Locals:         0       2       0       0       0
      Temps:          1       0       0       0       0
      Totals:         5       2       0       0       0
Total ram usage:        7 bytes
 Hardware stack levels used:    1
 Hardware stack levels required when called:    1
 This function calls:
		Nothing
 This function is called by:
		_main
 This function uses a non-reentrant model


 *************** function ___awdiv *****************
 Defined at:
		line 5 in file "C:\Program Files (x86)\Microchip\xc8\v2.00\pic\sources\c90\common\awdiv.c"
 Parameters:    Size  Location     Type
  divisor         2    3[COMMON] int 
  dividend        2    5[COMMON] int 
 Auto vars:     Size  Location     Type
  quotient        2    2[BANK0 ] int 
  sign            1    1[BANK0 ] unsigned char 
  counter         1    0[BANK0 ] unsigned char 
 Return value:  Size  Location     Type
                  2    3[COMMON] int 
 Registers used:
		wreg, status,2, status,0
 Tracked objects:
		On entry : 
		On exit  : 
		Unchanged: 
 Data sizes:     COMMON   BANK0   BANK1   BANK3   BANK2
      Params:         4       0       0       0       0
      Locals:         0       4       0       0       0
      Temps:          1       0       0       0       0
      Totals:         5       4       0       0       0
Total ram usage:        9 bytes
 Hardware stack levels used:    1
 Hardware stack levels required when called:    1
 This function calls:
		Nothing
 This function is called by:
		_main
 This function uses a non-reentrant model


 *************** function _PWMconf *****************
 Defined at:
		line 176 in file "mainS1proyect.c"
 Parameters:    Size  Location     Type
		None
 Auto vars:     Size  Location     Type
		None
 Return value:  Size  Location     Type
                  1    wreg      void 
 Registers used:
		wreg
 Tracked objects:
		On entry : 
		On exit  : 
		Unchanged: 
 Data sizes:     COMMON   BANK0   BANK1   BANK3   BANK2
      Params:         0       0       0       0       0
      Locals:         0       0       0       0       0
      Temps:          0       0       0       0       0
      Totals:         0       0       0       0       0
Total ram usage:        0 bytes
 Hardware stack levels used:    1
 Hardware stack levels required when called:    1
 This function calls:
		Nothing
 This function is called by:
		_main
 This function uses a non-reentrant model


 *************** function _Lcd_Write_String *****************
 Defined at:
		line 127 in file "LCD.c"
 Parameters:    Size  Location     Type
  a               1    wreg     PTR unsigned char 
		 -> STR_5(13), STR_4(3), STR_3(12), STR_2(17), 
		 -> STR_1(16), 
  modo            2    3[BANK0 ] int 
 Auto vars:     Size  Location     Type
  a               1    7[BANK0 ] PTR unsigned char 
		 -> STR_5(13), STR_4(3), STR_3(12), STR_2(17), 
		 -> STR_1(16), 
  i               2    5[BANK0 ] int 
 Return value:  Size  Location     Type
                  1    wreg      void 
 Registers used:
		wreg, fsr0l, fsr0h, status,2, status,0, pclath, cstack
 Tracked objects:
		On entry : 
		On exit  : 
		Unchanged: 
 Data sizes:     COMMON   BANK0   BANK1   BANK3   BANK2
      Params:         0       2       0       0       0
      Locals:         0       3       0       0       0
      Temps:          0       0       0       0       0
      Totals:         0       5       0       0       0
Total ram usage:        5 bytes
 Hardware stack levels used:    1
 Hardware stack levels required when called:    3
 This function calls:
		_Lcd_Write_Char
 This function is called by:
		_main
 This function uses a non-reentrant model


 *************** function _Lcd_Write_Char *****************
 Defined at:
		line 98 in file "LCD.c"
 Parameters:    Size  Location     Type
  a               1    wreg     unsigned char 
  modo            2    4[COMMON] int 
 Auto vars:     Size  Location     Type
  a               1    2[BANK0 ] unsigned char 
  y               1    1[BANK0 ] unsigned char 
  temp            1    0[BANK0 ] unsigned char 
 Return value:  Size  Location     Type
                  1    wreg      void 
 Registers used:
		wreg, status,2, status,0, pclath, cstack
 Tracked objects:
		On entry : 
		On exit  : 
		Unchanged: 
 Data sizes:     COMMON   BANK0   BANK1   BANK3   BANK2
      Params:         2       0       0       0       0
      Locals:         0       3       0       0       0
      Temps:          1       0       0       0       0
      Totals:         3       3       0       0       0
Total ram usage:        6 bytes
 Hardware stack levels used:    1
 Hardware stack levels required when called:    2
 This function calls:
		_Lcd_Port
 This function is called by:
		_main
		_Lcd_Write_String
 This function uses a non-reentrant model


 *************** function _Lcd_Port *****************
 Defined at:
		line 20 in file "LCD.c"
 Parameters:    Size  Location     Type
  a               1    wreg     unsigned char 
 Auto vars:     Size  Location     Type
  a               1    3[COMMON] unsigned char 
 Return value:  Size  Location     Type
                  1    wreg      void 
 Registers used:
		wreg
 Tracked objects:
		On entry : 
		On exit  : 
		Unchanged: 
 Data sizes:     COMMON   BANK0   BANK1   BANK3   BANK2
      Params:         0       0       0       0       0
      Locals:         1       0       0       0       0
      Temps:          0       0       0       0       0
      Totals:         1       0       0       0       0
Total ram usage:        1 bytes
 Hardware stack levels used:    1
 Hardware stack levels required when called:    1
 This function calls:
		Nothing
 This function is called by:
		_Lcd_Write_Char
		_Lcd_Cmd
		_Lcd_Init
 This function uses a non-reentrant model


 *************** function _Lcd_Set_Cursor_8bits *****************
 Defined at:
		line 166 in file "LCD.c"
 Parameters:    Size  Location     Type
  y               1    wreg     unsigned char 
  x               1    5[COMMON] unsigned char 
 Auto vars:     Size  Location     Type
  y               1    6[COMMON] unsigned char 
 Return value:  Size  Location     Type
                  1    wreg      void 
 Registers used:
		wreg, status,2, status,0, pclath, cstack
 Tracked objects:
		On entry : 
		On exit  : 
		Unchanged: 
 Data sizes:     COMMON   BANK0   BANK1   BANK3   BANK2
      Params:         1       0       0       0       0
      Locals:         1       0       0       0       0
      Temps:          0       0       0       0       0
      Totals:         2       0       0       0       0
Total ram usage:        2 bytes
 Hardware stack levels used:    1
 Hardware stack levels required when called:    2
 This function calls:
		_Lcd_Cmd_8bits
 This function is called by:
		_main
 This function uses a non-reentrant model


 *************** function _Lcd_Init_8bits *****************
 Defined at:
		line 180 in file "LCD.c"
 Parameters:    Size  Location     Type
		None
 Auto vars:     Size  Location     Type
		None
 Return value:  Size  Location     Type
                  1    wreg      void 
 Registers used:
		wreg, status,2, status,0, pclath, cstack
 Tracked objects:
		On entry : 
		On exit  : 
		Unchanged: 
 Data sizes:     COMMON   BANK0   BANK1   BANK3   BANK2
      Params:         0       0       0       0       0
      Locals:         0       0       0       0       0
      Temps:          2       0       0       0       0
      Totals:         2       0       0       0       0
Total ram usage:        2 bytes
 Hardware stack levels used:    1
 Hardware stack levels required when called:    2
 This function calls:
		_Lcd_Cmd_8bits
 This function is called by:
		_main
 This function uses a non-reentrant model


 *************** function _Lcd_Clear_8bits *****************
 Defined at:
		line 160 in file "LCD.c"
 Parameters:    Size  Location     Type
		None
 Auto vars:     Size  Location     Type
		None
 Return value:  Size  Location     Type
                  1    wreg      void 
 Registers used:
		wreg, status,2, status,0, pclath, cstack
 Tracked objects:
		On entry : 
		On exit  : 
		Unchanged: 
 Data sizes:     COMMON   BANK0   BANK1   BANK3   BANK2
      Params:         0       0       0       0       0
      Locals:         0       0       0       0       0
      Temps:          0       0       0       0       0
      Totals:         0       0       0       0       0
Total ram usage:        0 bytes
 Hardware stack levels used:    1
 Hardware stack levels required when called:    2
 This function calls:
		_Lcd_Cmd_8bits
 This function is called by:
		_main
 This function uses a non-reentrant model


 *************** function _Lcd_Cmd_8bits *****************
 Defined at:
		line 149 in file "LCD.c"
 Parameters:    Size  Location     Type
  comando         1    wreg     unsigned char 
 Auto vars:     Size  Location     Type
  comando         1    4[COMMON] unsigned char 
 Return value:  Size  Location     Type
                  1    wreg      void 
 Registers used:
		wreg
 Tracked objects:
		On entry : 
		On exit  : 
		Unchanged: 
 Data sizes:     COMMON   BANK0   BANK1   BANK3   BANK2
      Params:         0       0       0       0       0
      Locals:         1       0       0       0       0
      Temps:          1       0       0       0       0
      Totals:         2       0       0       0       0
Total ram usage:        2 bytes
 Hardware stack levels used:    1
 Hardware stack levels required when called:    1
 This function calls:
		Nothing
 This function is called by:
		_Lcd_Clear_8bits
		_Lcd_Set_Cursor_8bits
		_Lcd_Init_8bits
 This function uses a non-reentrant model


 *************** function _interrupciones *****************
 Defined at:
		line 50 in file "mainS1proyect.c"
 Parameters:    Size  Location     Type
		None
 Auto vars:     Size  Location     Type
		None
 Return value:  Size  Location     Type
                  1    wreg      void 
 Registers used:
		wreg
 Tracked objects:
		On entry : 
		On exit  : 
		Unchanged: 
 Data sizes:     COMMON   BANK0   BANK1   BANK3   BANK2
      Params:         0       0       0       0       0
      Locals:         0       0       0       0       0
      Temps:          3       0       0       0       0
      Totals:         3       0       0       0       0
Total ram usage:        3 bytes
 Hardware stack levels used:    1
 This function calls:
		Nothing
 This function is called by:
		Interrupt level 1
 This function uses a non-reentrant model



MODULE INFORMATION

Module		Function		Class		Link	Load	Size
C:\Program Files (x86)\Microchip\xc8\v2.00\pic\sources\c90\common\awmod.c
		___awmod       		CODE           	066D	0000	102

C:\Program Files (x86)\Microchip\xc8\v2.00\pic\sources\c90\common\awmod.c estimated size: 102

C:\Program Files (x86)\Microchip\xc8\v2.00\pic\sources\c90\common\sprcdiv.c
		___fldiv       		CODE           	001B	0000	522

C:\Program Files (x86)\Microchip\xc8\v2.00\pic\sources\c90\common\sprcdiv.c estimated size: 522

C:\Program Files (x86)\Microchip\xc8\v2.00\pic\sources\c90\common\awdiv.c
		___awdiv       		CODE           	05FA	0000	116

C:\Program Files (x86)\Microchip\xc8\v2.00\pic\sources\c90\common\awdiv.c estimated size: 116

C:\Program Files (x86)\Microchip\xc8\v2.00\pic\sources\c90\common\fltol.c
		___fltol       		CODE           	04DF	0000	157

C:\Program Files (x86)\Microchip\xc8\v2.00\pic\sources\c90\common\fltol.c estimated size: 157

shared
		__stringtab    		STRING         	0800	0000	7
		__initialization		CODE           	000F	0000	9

shared estimated size: 16

C:\Program Files (x86)\Microchip\xc8\v2.00\pic\sources\c90\common\xxtofl.c
		___xxtofl      		CODE           	041B	0000	197

C:\Program Files (x86)\Microchip\xc8\v2.00\pic\sources\c90\common\xxtofl.c estimated size: 197

FuncionOscilador.c
		_initOsc       		CODE           	06D2	0000	94

FuncionOscilador.c estimated size: 94

ADCconf.c
		_funcAdc       		CODE           	057B	0000	128

ADCconf.c estimated size: 128

mainS1proyect.c
		_init          		CODE           	0F8F	0000	23
		_main          		CODE           	0224	0000	504
		_PWMconf       		CODE           	0FA5	0000	27
		_interrupciones		CODE           	0F7B	0000	21

mainS1proyect.c estimated size: 575

LCD.c
		_Lcd_Write_String		CODE           	07CC	0000	48
		_Lcd_Write_Char		CODE           	072F	0000	83
		_Lcd_Clear_8bits		CODE           	0F5E	0000	14
		_Lcd_Set_Cursor_8bits		CODE           	0FBF	0000	31
		_Lcd_Init_8bits		CODE           	0781	0000	76
		_Lcd_Cmd_8bits 		CODE           	0F6B	0000	17
		_Lcd_Port      		CODE           	0FDD	0000	36

LCD.c estimated size: 305

