Microchip MPLAB XC8 Compiler V2.00 ()

Linker command line:

-W-3 --edf=C:\Program Files (x86)\Microchip\xc8\v2.00\pic\dat\en_msgs.txt \
  -cs -h+dist/default/production\SPIRaspMaster.X.production.sym \
  --cmf=dist/default/production\SPIRaspMaster.X.production.cmf -z -Q16F887 \
  -oC:\Users\DIBUJO~1\AppData\Local\Temp\sfjc.2 --defsym=__MPLAB_BUILD=1 \
  -Mdist/default/production/SPIRaspMaster.X.production.map -E1 -ver=XC8 \
  --acfsm=1493 -ASTACK=0110h-016fh -pstack=STACK -ACODE=00h-07FFhx4 \
  -ASTRCODE=00h-01FFFh -ASTRING=00h-0FFhx32 -ACONST=00h-0FFhx32 \
  -AENTRY=00h-0FFhx32 -ACOMMON=070h-07Fh -ABANK0=020h-06Fh \
  -ABANK1=0A0h-0EFh -ABANK2=0110h-016Fh -ABANK3=0190h-01EFh \
  -ARAM=020h-06Fh,0A0h-0EFh,0110h-016Fh,0190h-01EFh \
  -AABS1=020h-07Fh,0A0h-0EFh,0110h-016Fh,0190h-01EFh -ASFR0=00h-01Fh \
  -ASFR1=080h-09Fh -ASFR2=0100h-010Fh -ASFR3=0180h-018Fh \
  -preset_vec=00h,intentry,init,end_init -ppowerup=CODE -pcinit=CODE \
  -pfunctab=ENTRY -ACONFIG=02007h-02008h -pconfig=CONFIG -DCONFIG=2 \
  -AIDLOC=02000h-02003h -pidloc=IDLOC -DIDLOC=2 -AEEDATA=00h-0FFh/02100h \
  -peeprom_data=EEDATA -DEEDATA=2 -DCODE=2 -DSTRCODE=2 -DSTRING=2 -DCONST=2 \
  -DENTRY=2 -k C:\Users\DIBUJO~1\AppData\Local\Temp\sfjc.o \
  dist/default/production\SPIRaspMaster.X.production.o 

Object code version is 3.11

Machine type is 16F887



                Name                               Link     Load   Length Selector   Space Scale
C:\Users\DIBUJO~1\AppData\Local\Temp\sfjc.o
                end_init                              0        0        3        0       0
                config                             2007     2007        2     400E       0
dist/default/production\SPIRaspMaster.X.production.o
                cinit                               7F2      7F2        E      FE4       0
                text16                              381      381       10      702       0
                text15                              3A7      3A7       1E      74E       0
                text14                              406      406       23      80C       0
                text13                              4EA      4EA       54      9D4       0
                text12                              3C5      3C5       1F      78A       0
                text11                              454      454       4B      8A8       0
                text10                              429      429       2B      852       0
                text9                               391      391       16      722       0
                text8                               3E4      3E4       22      7C8       0
                text7                               53E      53E       5D      A7C       0
                text6                               5FE      5FE       71      BFC       0
                text5                               59B      59B       63      B36       0
                text4                               49F      49F       4B      93E       0
                text3                               36E      36E        9      6DC       0
                text2                               377      377        A      6EE       0
                text1                               360      360        6      6C0       0
                maintext                            66F      66F      183      CDE       0
                cstackBANK0                          36       36        2       20       1
                cstackCOMMON                         70       70        D       70       1
                clrtext                             366      366        8      6CC       0
                bssBANK0                             20       20       16       20       1
                bssCOMMON                            7D       7D        1       70       1
                strings                               3        3       2B        6       0

TOTAL           Name                               Link     Load   Length     Space
        CLASS   STACK          

        CLASS   CODE           
                end_init                              0        0        3         0
                cinit                               7F2      7F2        E         0
                text16                              381      381       10         0
                text15                              3A7      3A7       1E         0
                text14                              406      406       23         0
                text13                              4EA      4EA       54         0
                text12                              3C5      3C5       1F         0
                text11                              454      454       4B         0
                text10                              429      429       2B         0
                text9                               391      391       16         0
                text8                               3E4      3E4       22         0
                text7                               53E      53E       5D         0
                text6                               5FE      5FE       71         0
                text5                               59B      59B       63         0
                text4                               49F      49F       4B         0
                text3                               36E      36E        9         0
                text2                               377      377        A         0
                text1                               360      360        6         0
                maintext                            66F      66F      183         0
                clrtext                             366      366        8         0

        CLASS   STRCODE        

        CLASS   STRING         
                strings                               3        3       2B         0

        CLASS   CONST          

        CLASS   ENTRY          

        CLASS   COMMON         
                cstackCOMMON                         70       70        D         1
                bssCOMMON                            7D       7D        1         1

        CLASS   BANK0          
                cstackBANK0                          36       36        2         1
                bssBANK0                             20       20       16         1

        CLASS   BANK1          

        CLASS   BANK2          

        CLASS   BANK3          

        CLASS   RAM            

        CLASS   ABS1           
                abs_s1                               7E       7E        2         1

        CLASS   SFR0           

        CLASS   SFR1           

        CLASS   SFR2           

        CLASS   SFR3           

        CLASS   CONFIG         
                config                             2007     2007        2         0

        CLASS   IDLOC          

        CLASS   EEDATA         



SEGMENTS        Name                           Load    Length   Top    Selector   Space  Class     Delta

                reset_vec                      000000  000003  000003         0       0  CODE        2
                strings                        000003  00002B  00002E         6       0  STRING      2
                bssBANK0                       000020  000018  000038        20       1  BANK0       1
                cstackCOMMON                   000070  00000E  00007E        70       1  COMMON      1
                text1                          000360  000006  000366       6C0       0  CODE        2
                clrtext                        000366  000008  00036E       6CC       0  CODE        2
                text3                          00036E  000009  000377       6DC       0  CODE        2
                text2                          000377  00000A  000381       6EE       0  CODE        2
                text16                         000381  000010  000391       702       0  CODE        2
                text9                          000391  000016  0003A7       722       0  CODE        2
                text15                         0003A7  00001E  0003C5       74E       0  CODE        2
                text12                         0003C5  00001F  0003E4       78A       0  CODE        2
                text8                          0003E4  000022  000406       7C8       0  CODE        2
                text14                         000406  000023  000429       80C       0  CODE        2
                text10                         000429  00002B  000454       852       0  CODE        2
                text11                         000454  00004B  00049F       8A8       0  CODE        2
                text4                          00049F  00004B  0004EA       93E       0  CODE        2
                text13                         0004EA  000054  00053E       9D4       0  CODE        2
                text7                          00053E  00005D  00059B       A7C       0  CODE        2
                text5                          00059B  000063  0005FE       B36       0  CODE        2
                text6                          0005FE  000071  00066F       BFC       0  CODE        2
                maintext                       00066F  000183  0007F2       CDE       0  CODE        2
                cinit                          0007F2  00000E  000800       FE4       0  CODE        2
                config                         002007  000002  002009      400E       0  CONFIG      2


UNUSED ADDRESS RANGES

        Name                Unused          Largest block    Delta
        BANK0            0038-006F             38           1
        BANK1            00A0-00EF             50           1
        BANK2            0110-016F             60           1
        BANK3            0190-01EF             60           1
        CODE             002E-035F            332           2
                         0800-1FFF            800
        CONST            002E-035F            100           2
                         0800-1FFF            100
        EEDATA           2100-21FF            100           2
        ENTRY            002E-035F            100           2
                         0800-1FFF            100
        IDLOC            2000-2003              4           2
        RAM              0038-006F             38           1
                         00A0-00EF             50
                         0110-016F             60
                         0190-01EF             60
        SFR0             0000-001F             20           1
        SFR1             0080-009F             20           1
        SFR2             0100-010F             10           1
        SFR3             0180-018F             10           1
        STACK            0110-016F             60           1
        STRCODE          002E-035F            332           2
                         0800-1FFF           1800
        STRING           002E-035F            100           2
                         0800-1FFF            100

                                  Symbol Table

?___awdiv                      cstackCOMMON 0070
?___awmod                      cstackCOMMON 0070
ConvNum@digito                 cstackCOMMON 0077
ConvNum@numerito               cstackCOMMON 007B
ConvNum@punt                   cstackCOMMON 0079
Lcd_Cmd_8bits@comando          cstackCOMMON 0071
Lcd_Port@a                     cstackCOMMON 0070
Lcd_Set_Cursor_8bits@x         cstackCOMMON 0072
Lcd_Set_Cursor_8bits@y         cstackCOMMON 0073
Lcd_Write_Char@a               cstackCOMMON 0076
Lcd_Write_Char@modo            cstackCOMMON 0071
Lcd_Write_Char@temp            cstackCOMMON 0074
Lcd_Write_Char@y               cstackCOMMON 0075
Lcd_Write_String@a             cstackCOMMON 007B
Lcd_Write_String@i             cstackCOMMON 0079
Lcd_Write_String@modo          cstackCOMMON 0077
_ANSEL                         (abs)        0188
_ANSELH                        (abs)        0189
_ConvNum                       text12       03C5
_Lcd_Cmd_8bits                 text16       0381
_Lcd_Init_8bits                text11       0454
_Lcd_Port                      text14       0406
_Lcd_Set_Cursor_8bits          text15       03A7
_Lcd_Write_Char                text13       04EA
_Lcd_Write_String              text10       0429
_OSCCONbits                    (abs)        008F
_PORTA                         (abs)        0005
_PORTB                         (abs)        0006
_PORTBbits                     (abs)        0006
_PORTC                         (abs)        0007
_PORTCbits                     (abs)        0007
_PORTD                         (abs)        0008
_PORTE                         (abs)        0009
_PORTEbits                     (abs)        0009
_SSPBUF                        (abs)        0013
_SSPCON                        (abs)        0014
_SSPSTAT                       (abs)        0094
_SSPSTATbits                   (abs)        0094
_TRISA                         (abs)        0085
_TRISB                         (abs)        0086
_TRISC                         (abs)        0087
_TRISC3                        (abs)        043B
_TRISC5                        (abs)        043D
_TRISCbits                     (abs)        0087
_TRISD                         (abs)        0088
_TRISE                         (abs)        0089
__CFG_BOR4V$BOR40V             (abs)        0000
__CFG_BOREN$ON                 (abs)        0000
__CFG_CP$OFF                   (abs)        0000
__CFG_CPD$OFF                  (abs)        0000
__CFG_FCMEN$OFF                (abs)        0000
__CFG_FOSC$INTRC_NOCLKOUT      (abs)        0000
__CFG_IESO$OFF                 (abs)        0000
__CFG_LVP$OFF                  (abs)        0000
__CFG_MCLRE$OFF                (abs)        0000
__CFG_PWRTE$OFF                (abs)        0000
__CFG_WDTE$OFF                 (abs)        0000
__CFG_WRT$OFF                  (abs)        0000
__Habs1                        abs1         0000
__Hbank0                       bank0        0000
__Hbank1                       bank1        0000
__Hbank2                       bank2        0000
__Hbank3                       bank3        0000
__HbssBANK0                    bssBANK0     0000
__HbssCOMMON                   bssCOMMON    0000
__Hcinit                       cinit        0800
__Hclrtext                     clrtext      0000
__Hcode                        code         0000
__Hcommon                      common       0000
__Hconfig                      config       2009
__HcstackBANK0                 cstackBANK0  0000
__HcstackCOMMON                cstackCOMMON 0000
__Heeprom_data                 eeprom_data  0000
__Hend_init                    end_init     0003
__Hfunctab                     functab      0000
__Hidloc                       idloc        0000
__Hinit                        init         0000
__Hintentry                    intentry     0000
__Hmaintext                    maintext     0000
__Hpowerup                     powerup      0000
__Hram                         ram          0000
__Hreset_vec                   reset_vec    0000
__Hsfr0                        sfr0         0000
__Hsfr1                        sfr1         0000
__Hsfr2                        sfr2         0000
__Hsfr3                        sfr3         0000
__Hspace_0                     (abs)        2009
__Hspace_1                     (abs)        007E
__Hspace_2                     (abs)        0000
__Hspace_3                     (abs)        0000
__Hstack                       stack        0000
__Hstrings                     strings      0000
__Htext                        text         0000
__Labs1                        abs1         0000
__Lbank0                       bank0        0000
__Lbank1                       bank1        0000
__Lbank2                       bank2        0000
__Lbank3                       bank3        0000
__LbssBANK0                    bssBANK0     0000
__LbssCOMMON                   bssCOMMON    0000
__Lcinit                       cinit        07F2
__Lclrtext                     clrtext      0000
__Lcode                        code         0000
__Lcommon                      common       0000
__Lconfig                      config       2007
__LcstackBANK0                 cstackBANK0  0000
__LcstackCOMMON                cstackCOMMON 0000
__Leeprom_data                 eeprom_data  0000
__Lend_init                    end_init     0000
__Lfunctab                     functab      0000
__Lidloc                       idloc        0000
__Linit                        init         0000
__Lintentry                    intentry     0000
__Lmaintext                    maintext     0000
__Lpowerup                     powerup      0000
__Lram                         ram          0000
__Lreset_vec                   reset_vec    0000
__Lsfr0                        sfr0         0000
__Lsfr1                        sfr1         0000
__Lsfr2                        sfr2         0000
__Lsfr3                        sfr3         0000
__Lspace_0                     (abs)        0000
__Lspace_1                     (abs)        0000
__Lspace_2                     (abs)        0000
__Lspace_3                     (abs)        0000
__Lstack                       stack        0000
__Lstrings                     strings      0000
__Ltext                        text         0000
__S0                           (abs)        2009
__S1                           (abs)        007E
__S2                           (abs)        0000
__S3                           (abs)        0000
___awdiv                       text6        05FE
___awdiv@counter               cstackCOMMON 0075
___awdiv@dividend              cstackCOMMON 0072
___awdiv@divisor               cstackCOMMON 0070
___awdiv@quotient              cstackCOMMON 0077
___awdiv@sign                  cstackCOMMON 0076
___awmod                       text5        059B
___awmod@counter               cstackCOMMON 0075
___awmod@dividend              cstackCOMMON 0072
___awmod@divisor               cstackCOMMON 0070
___awmod@sign                  cstackCOMMON 0076
___int_sp                      stack        0000
___latbits                     (abs)        0002
___sp                          stack        0000
__end_of_ConvNum               text12       03E4
__end_of_Lcd_Cmd_8bits         text16       0391
__end_of_Lcd_Init_8bits        text11       049F
__end_of_Lcd_Port              text14       0429
__end_of_Lcd_Set_Cursor_8bits  text15       03C5
__end_of_Lcd_Write_Char        text13       053E
__end_of_Lcd_Write_String      text10       0454
__end_of___awdiv               text6        066F
__end_of___awmod               text5        05FE
__end_of__initialization       cinit        07FC
__end_of__stringtab            strings      0009
__end_of_init                  text8        0406
__end_of_initOsc               text7        059B
__end_of_main                  maintext     07F2
__end_of_num_to_string         text4        04EA
__end_of_spiInit               text9        03A7
__end_of_spiRead               text2        0381
__end_of_spiReceiveWait        text3        0377
__end_of_spiWrite              text1        0366
__initialization               cinit        07F2
__pbssBANK0                    bssBANK0     0020
__pbssCOMMON                   bssCOMMON    007D
__pcstackBANK0                 cstackBANK0  0036
__pcstackCOMMON                cstackCOMMON 0070
__pmaintext                    maintext     066F
__pstrings                     strings      0003
__ptext1                       text1        0360
__ptext10                      text10       0429
__ptext11                      text11       0454
__ptext12                      text12       03C5
__ptext13                      text13       04EA
__ptext14                      text14       0406
__ptext15                      text15       03A7
__ptext16                      text16       0381
__ptext2                       text2        0377
__ptext3                       text3        036E
__ptext4                       text4        049F
__ptext5                       text5        059B
__ptext6                       text6        05FE
__ptext7                       text7        053E
__ptext8                       text8        03E4
__ptext9                       text9        0391
__size_of_ConvNum              (abs)        0000
__size_of_Lcd_Cmd_8bits        (abs)        0000
__size_of_Lcd_Init_8bits       (abs)        0000
__size_of_Lcd_Port             (abs)        0000
__size_of_Lcd_Set_Cursor_8bits (abs)        0000
__size_of_Lcd_Write_Char       (abs)        0000
__size_of_Lcd_Write_String     (abs)        0000
__size_of___awdiv              (abs)        0000
__size_of___awmod              (abs)        0000
__size_of_init                 (abs)        0000
__size_of_initOsc              (abs)        0000
__size_of_main                 (abs)        0000
__size_of_num_to_string        (abs)        0000
__size_of_spiInit              (abs)        0000
__size_of_spiRead              (abs)        0000
__size_of_spiReceiveWait       (abs)        0000
__size_of_spiWrite             (abs)        0000
__stringbase                   strings      0008
__stringtab                    strings      0003
_data1                         bssBANK0     0028
_data2                         bssBANK0     0026
_data3                         bssBANK0     0024
_init                          text8        03E4
_initOsc                       text7        053E
_main                          maintext     066F
_num_to_string                 text4        049F
_spiInit                       text9        0391
_spiRead                       text2        0377
_spiReceiveWait                text3        036E
_spiWrite                      text1        0360
_valor1                        bssBANK0     0033
_valor2                        bssCOMMON    007D
_valor3                        bssBANK0     0032
btemp                          (abs)        007E
clear_ram0                     clrtext      0366
end_of_initialization          cinit        07FC
initOsc@frec                   cstackCOMMON 0072
intlevel0                      functab      0000
intlevel1                      functab      0000
intlevel2                      functab      0000
intlevel3                      functab      0000
intlevel4                      functab      0000
intlevel5                      functab      0000
num_to_string@numero           cstackCOMMON 0079
reset_vec                      reset_vec    0000
spiInit@sClockIdle             cstackCOMMON 0071
spiInit@sDataSample            cstackCOMMON 0070
spiInit@sTransmitEdge          cstackCOMMON 0072
spiInit@sType                  cstackCOMMON 0073
spiWrite@dat                   cstackCOMMON 0070
stackhi                        (abs)        0000
stacklo                        (abs)        0000
start                          init         0000
start_initialization           cinit        07F2
wtemp0                         (abs)        007E


FUNCTION INFORMATION:

 *************** function _main *****************
 Defined at:
		line 76 in file "MainSPIRaspMaster.c"
 Parameters:    Size  Location     Type
		None
 Auto vars:     Size  Location     Type
		None
 Return value:  Size  Location     Type
                  1    wreg      void 
 Registers used:
		wreg, fsr0l, fsr0h, status,2, status,0, pclath, cstack
 Tracked objects:
		On entry : 
		On exit  : 
		Unchanged: 
 Data sizes:     COMMON   BANK0   BANK1   BANK3   BANK2
      Params:         0       0       0       0       0
      Locals:         0       0       0       0       0
      Temps:          0       2       0       0       0
      Totals:         0       2       0       0       0
Total ram usage:        2 bytes
 Hardware stack levels required when called:    3
 This function calls:
		_ConvNum
		_Lcd_Init_8bits
		_Lcd_Set_Cursor_8bits
		_Lcd_Write_Char
		_Lcd_Write_String
		_init
		_initOsc
		_num_to_string
		_spiRead
		_spiWrite
 This function is called by:
		Startup code after reset
 This function uses a non-reentrant model


 *************** function _spiWrite *****************
 Defined at:
		line 34 in file "SPI.c"
 Parameters:    Size  Location     Type
  dat             1    wreg     unsigned char 
 Auto vars:     Size  Location     Type
  dat             1    0[COMMON] unsigned char 
 Return value:  Size  Location     Type
                  1    wreg      void 
 Registers used:
		wreg
 Tracked objects:
		On entry : 
		On exit  : 
		Unchanged: 
 Data sizes:     COMMON   BANK0   BANK1   BANK3   BANK2
      Params:         0       0       0       0       0
      Locals:         1       0       0       0       0
      Temps:          0       0       0       0       0
      Totals:         1       0       0       0       0
Total ram usage:        1 bytes
 Hardware stack levels used:    1
 This function calls:
		Nothing
 This function is called by:
		_main
 This function uses a non-reentrant model


 *************** function _spiRead *****************
 Defined at:
		line 47 in file "SPI.c"
 Parameters:    Size  Location     Type
		None
 Auto vars:     Size  Location     Type
		None
 Return value:  Size  Location     Type
                  1    wreg      unsigned char 
 Registers used:
		wreg, status,2, status,0, pclath, cstack
 Tracked objects:
		On entry : 
		On exit  : 
		Unchanged: 
 Data sizes:     COMMON   BANK0   BANK1   BANK3   BANK2
      Params:         0       0       0       0       0
      Locals:         0       0       0       0       0
      Temps:          0       0       0       0       0
      Totals:         0       0       0       0       0
Total ram usage:        0 bytes
 Hardware stack levels used:    1
 Hardware stack levels required when called:    1
 This function calls:
		_spiReceiveWait
 This function is called by:
		_main
 This function uses a non-reentrant model


 *************** function _spiReceiveWait *****************
 Defined at:
		line 29 in file "SPI.c"
 Parameters:    Size  Location     Type
		None
 Auto vars:     Size  Location     Type
		None
 Return value:  Size  Location     Type
                  1    wreg      void 
 Registers used:
		None
 Tracked objects:
		On entry : 
		On exit  : 
		Unchanged: 
 Data sizes:     COMMON   BANK0   BANK1   BANK3   BANK2
      Params:         0       0       0       0       0
      Locals:         0       0       0       0       0
      Temps:          0       0       0       0       0
      Totals:         0       0       0       0       0
Total ram usage:        0 bytes
 Hardware stack levels used:    1
 This function calls:
		Nothing
 This function is called by:
		_spiRead
 This function uses a non-reentrant model


 *************** function _num_to_string *****************
 Defined at:
		line 221 in file "MainSPIRaspMaster.c"
 Parameters:    Size  Location     Type
  numero          2    9[COMMON] int 
 Auto vars:     Size  Location     Type
		None
 Return value:  Size  Location     Type
                  1    wreg      void 
 Registers used:
		wreg, status,2, status,0, pclath, cstack
 Tracked objects:
		On entry : 
		On exit  : 
		Unchanged: 
 Data sizes:     COMMON   BANK0   BANK1   BANK3   BANK2
      Params:         2       0       0       0       0
      Locals:         0       0       0       0       0
      Temps:          0       0       0       0       0
      Totals:         2       0       0       0       0
Total ram usage:        2 bytes
 Hardware stack levels used:    1
 Hardware stack levels required when called:    1
 This function calls:
		___awdiv
		___awmod
 This function is called by:
		_main
 This function uses a non-reentrant model


 *************** function ___awmod *****************
 Defined at:
		line 5 in file "C:\Program Files (x86)\Microchip\xc8\v2.00\pic\sources\c90\common\awmod.c"
 Parameters:    Size  Location     Type
  divisor         2    0[COMMON] int 
  dividend        2    2[COMMON] int 
 Auto vars:     Size  Location     Type
  sign            1    6[COMMON] unsigned char 
  counter         1    5[COMMON] unsigned char 
 Return value:  Size  Location     Type
                  2    0[COMMON] int 
 Registers used:
		wreg, status,2, status,0
 Tracked objects:
		On entry : 
		On exit  : 
		Unchanged: 
 Data sizes:     COMMON   BANK0   BANK1   BANK3   BANK2
      Params:         4       0       0       0       0
      Locals:         2       0       0       0       0
      Temps:          1       0       0       0       0
      Totals:         7       0       0       0       0
Total ram usage:        7 bytes
 Hardware stack levels used:    1
 This function calls:
		Nothing
 This function is called by:
		_num_to_string
		_float_to_string
 This function uses a non-reentrant model


 *************** function ___awdiv *****************
 Defined at:
		line 5 in file "C:\Program Files (x86)\Microchip\xc8\v2.00\pic\sources\c90\common\awdiv.c"
 Parameters:    Size  Location     Type
  divisor         2    0[COMMON] int 
  dividend        2    2[COMMON] int 
 Auto vars:     Size  Location     Type
  quotient        2    7[COMMON] int 
  sign            1    6[COMMON] unsigned char 
  counter         1    5[COMMON] unsigned char 
 Return value:  Size  Location     Type
                  2    0[COMMON] int 
 Registers used:
		wreg, status,2, status,0
 Tracked objects:
		On entry : 
		On exit  : 
		Unchanged: 
 Data sizes:     COMMON   BANK0   BANK1   BANK3   BANK2
      Params:         4       0       0       0       0
      Locals:         4       0       0       0       0
      Temps:          1       0       0       0       0
      Totals:         9       0       0       0       0
Total ram usage:        9 bytes
 Hardware stack levels used:    1
 This function calls:
		Nothing
 This function is called by:
		_num_to_string
		_float_to_string
 This function uses a non-reentrant model


 *************** function _initOsc *****************
 Defined at:
		line 9 in file "FuncionOscilador.c"
 Parameters:    Size  Location     Type
  frec            1    wreg     unsigned char 
 Auto vars:     Size  Location     Type
  frec            1    2[COMMON] unsigned char 
 Return value:  Size  Location     Type
                  1    wreg      void 
 Registers used:
		wreg, fsr0l, fsr0h, status,2, status,0
 Tracked objects:
		On entry : 
		On exit  : 
		Unchanged: 
 Data sizes:     COMMON   BANK0   BANK1   BANK3   BANK2
      Params:         0       0       0       0       0
      Locals:         1       0       0       0       0
      Temps:          2       0       0       0       0
      Totals:         3       0       0       0       0
Total ram usage:        3 bytes
 Hardware stack levels used:    1
 This function calls:
		Nothing
 This function is called by:
		_main
 This function uses a non-reentrant model


 *************** function _init *****************
 Defined at:
		line 177 in file "MainSPIRaspMaster.c"
 Parameters:    Size  Location     Type
		None
 Auto vars:     Size  Location     Type
		None
 Return value:  Size  Location     Type
                  1    wreg      void 
 Registers used:
		wreg, status,2, status,0, pclath, cstack
 Tracked objects:
		On entry : 
		On exit  : 
		Unchanged: 
 Data sizes:     COMMON   BANK0   BANK1   BANK3   BANK2
      Params:         0       0       0       0       0
      Locals:         0       0       0       0       0
      Temps:          0       0       0       0       0
      Totals:         0       0       0       0       0
Total ram usage:        0 bytes
 Hardware stack levels used:    1
 Hardware stack levels required when called:    1
 This function calls:
		_spiInit
 This function is called by:
		_main
 This function uses a non-reentrant model


 *************** function _spiInit *****************
 Defined at:
		line 12 in file "SPI.c"
 Parameters:    Size  Location     Type
  sType           1    wreg     enum E1264
  sDataSample     1    0[COMMON] enum E1272
  sClockIdle      1    1[COMMON] enum E1276
  sTransmitEdg    1    2[COMMON] enum E1280
 Auto vars:     Size  Location     Type
  sType           1    3[COMMON] enum E1264
 Return value:  Size  Location     Type
                  1    wreg      void 
 Registers used:
		wreg, status,2, status,0
 Tracked objects:
		On entry : 
		On exit  : 
		Unchanged: 
 Data sizes:     COMMON   BANK0   BANK1   BANK3   BANK2
      Params:         3       0       0       0       0
      Locals:         1       0       0       0       0
      Temps:          0       0       0       0       0
      Totals:         4       0       0       0       0
Total ram usage:        4 bytes
 Hardware stack levels used:    1
 This function calls:
		Nothing
 This function is called by:
		_init
 This function uses a non-reentrant model


 *************** function _Lcd_Write_String *****************
 Defined at:
		line 127 in file "LCD.c"
 Parameters:    Size  Location     Type
  a               1    wreg     PTR unsigned char 
		 -> STR_9(4), STR_8(4), STR_7(2), STR_6(2), 
		 -> STR_5(2), STR_4(2), STR_3(2), STR_2(2), 
		 -> STR_1(17), 
  modo            2    7[COMMON] int 
 Auto vars:     Size  Location     Type
  a               1   11[COMMON] PTR unsigned char 
		 -> STR_9(4), STR_8(4), STR_7(2), STR_6(2), 
		 -> STR_5(2), STR_4(2), STR_3(2), STR_2(2), 
		 -> STR_1(17), 
  i               2    9[COMMON] int 
 Return value:  Size  Location     Type
                  1    wreg      void 
 Registers used:
		wreg, fsr0l, fsr0h, status,2, status,0, pclath, cstack
 Tracked objects:
		On entry : 
		On exit  : 
		Unchanged: 
 Data sizes:     COMMON   BANK0   BANK1   BANK3   BANK2
      Params:         2       0       0       0       0
      Locals:         3       0       0       0       0
      Temps:          0       0       0       0       0
      Totals:         5       0       0       0       0
Total ram usage:        5 bytes
 Hardware stack levels used:    1
 Hardware stack levels required when called:    2
 This function calls:
		_Lcd_Write_Char
 This function is called by:
		_main
 This function uses a non-reentrant model


 *************** function _Lcd_Init_8bits *****************
 Defined at:
		line 193 in file "LCD.c"
 Parameters:    Size  Location     Type
		None
 Auto vars:     Size  Location     Type
		None
 Return value:  Size  Location     Type
                  1    wreg      void 
 Registers used:
		wreg, status,2, status,0, pclath, cstack
 Tracked objects:
		On entry : 
		On exit  : 
		Unchanged: 
 Data sizes:     COMMON   BANK0   BANK1   BANK3   BANK2
      Params:         0       0       0       0       0
      Locals:         0       0       0       0       0
      Temps:          2       0       0       0       0
      Totals:         2       0       0       0       0
Total ram usage:        2 bytes
 Hardware stack levels used:    1
 Hardware stack levels required when called:    1
 This function calls:
		_Lcd_Cmd_8bits
 This function is called by:
		_main
 This function uses a non-reentrant model


 *************** function _ConvNum *****************
 Defined at:
		line 229 in file "MainSPIRaspMaster.c"
 Parameters:    Size  Location     Type
  digito          2    7[COMMON] int 
  punt            1    9[COMMON] unsigned char 
 Auto vars:     Size  Location     Type
  numerito        2   11[COMMON] int 
 Return value:  Size  Location     Type
                  1    wreg      void 
 Registers used:
		wreg, status,2, status,0, pclath, cstack
 Tracked objects:
		On entry : 
		On exit  : 
		Unchanged: 
 Data sizes:     COMMON   BANK0   BANK1   BANK3   BANK2
      Params:         3       0       0       0       0
      Locals:         2       0       0       0       0
      Temps:          1       0       0       0       0
      Totals:         6       0       0       0       0
Total ram usage:        6 bytes
 Hardware stack levels used:    1
 Hardware stack levels required when called:    2
 This function calls:
		_Lcd_Set_Cursor_8bits
		_Lcd_Write_Char
 This function is called by:
		_main
 This function uses a non-reentrant model


 *************** function _Lcd_Write_Char *****************
 Defined at:
		line 98 in file "LCD.c"
 Parameters:    Size  Location     Type
  a               1    wreg     unsigned char 
  modo            2    1[COMMON] int 
 Auto vars:     Size  Location     Type
  a               1    6[COMMON] unsigned char 
  y               1    5[COMMON] unsigned char 
  temp            1    4[COMMON] unsigned char 
 Return value:  Size  Location     Type
                  1    wreg      void 
 Registers used:
		wreg, status,2, status,0, pclath, cstack
 Tracked objects:
		On entry : 
		On exit  : 
		Unchanged: 
 Data sizes:     COMMON   BANK0   BANK1   BANK3   BANK2
      Params:         2       0       0       0       0
      Locals:         3       0       0       0       0
      Temps:          1       0       0       0       0
      Totals:         6       0       0       0       0
Total ram usage:        6 bytes
 Hardware stack levels used:    1
 Hardware stack levels required when called:    1
 This function calls:
		_Lcd_Port
 This function is called by:
		_main
		_ConvNum
		_Lcd_Write_String
 This function uses a non-reentrant model


 *************** function _Lcd_Port *****************
 Defined at:
		line 20 in file "LCD.c"
 Parameters:    Size  Location     Type
  a               1    wreg     unsigned char 
 Auto vars:     Size  Location     Type
  a               1    0[COMMON] unsigned char 
 Return value:  Size  Location     Type
                  1    wreg      void 
 Registers used:
		wreg
 Tracked objects:
		On entry : 
		On exit  : 
		Unchanged: 
 Data sizes:     COMMON   BANK0   BANK1   BANK3   BANK2
      Params:         0       0       0       0       0
      Locals:         1       0       0       0       0
      Temps:          0       0       0       0       0
      Totals:         1       0       0       0       0
Total ram usage:        1 bytes
 Hardware stack levels used:    1
 This function calls:
		Nothing
 This function is called by:
		_Lcd_Write_Char
		_Lcd_Cmd
		_Lcd_Init
 This function uses a non-reentrant model


 *************** function _Lcd_Set_Cursor_8bits *****************
 Defined at:
		line 179 in file "LCD.c"
 Parameters:    Size  Location     Type
  y               1    wreg     unsigned char 
  x               1    2[COMMON] unsigned char 
 Auto vars:     Size  Location     Type
  y               1    3[COMMON] unsigned char 
 Return value:  Size  Location     Type
                  1    wreg      void 
 Registers used:
		wreg, status,2, status,0, pclath, cstack
 Tracked objects:
		On entry : 
		On exit  : 
		Unchanged: 
 Data sizes:     COMMON   BANK0   BANK1   BANK3   BANK2
      Params:         1       0       0       0       0
      Locals:         1       0       0       0       0
      Temps:          0       0       0       0       0
      Totals:         2       0       0       0       0
Total ram usage:        2 bytes
 Hardware stack levels used:    1
 Hardware stack levels required when called:    1
 This function calls:
		_Lcd_Cmd_8bits
 This function is called by:
		_main
		_ConvNum
 This function uses a non-reentrant model


 *************** function _Lcd_Cmd_8bits *****************
 Defined at:
		line 149 in file "LCD.c"
 Parameters:    Size  Location     Type
  comando         1    wreg     unsigned char 
 Auto vars:     Size  Location     Type
  comando         1    1[COMMON] unsigned char 
 Return value:  Size  Location     Type
                  1    wreg      void 
 Registers used:
		wreg
 Tracked objects:
		On entry : 
		On exit  : 
		Unchanged: 
 Data sizes:     COMMON   BANK0   BANK1   BANK3   BANK2
      Params:         0       0       0       0       0
      Locals:         1       0       0       0       0
      Temps:          1       0       0       0       0
      Totals:         2       0       0       0       0
Total ram usage:        2 bytes
 Hardware stack levels used:    1
 This function calls:
		Nothing
 This function is called by:
		_Lcd_Set_Cursor_8bits
		_Lcd_Init_8bits
		_Lcd_Clear_8bits
		_Lcd_Shift_Right_8bits
		_Lcd_Shift_Left_8bits
 This function uses a non-reentrant model



MODULE INFORMATION

Module		Function		Class		Link	Load	Size
C:\Program Files (x86)\Microchip\xc8\v2.00\pic\sources\c90\common\awmod.c
		___awmod       		CODE           	059B	0000	100

C:\Program Files (x86)\Microchip\xc8\v2.00\pic\sources\c90\common\awmod.c estimated size: 100

C:\Program Files (x86)\Microchip\xc8\v2.00\pic\sources\c90\common\awdiv.c
		___awdiv       		CODE           	05FE	0000	114

C:\Program Files (x86)\Microchip\xc8\v2.00\pic\sources\c90\common\awdiv.c estimated size: 114

MainSPIRaspMaster.c
		_init          		CODE           	03E4	0000	35
		_num_to_string 		CODE           	049F	0000	76
		_main          		CODE           	066F	0000	388
		_ConvNum       		CODE           	03C5	0000	32

MainSPIRaspMaster.c estimated size: 531

shared
		__stringtab    		STRING         	0003	0000	7
		__initialization		CODE           	07F2	0000	11

shared estimated size: 18

FuncionOscilador.c
		_initOsc       		CODE           	053E	0000	94

FuncionOscilador.c estimated size: 94

SPI.c
		_spiWrite      		CODE           	0360	0000	7
		_spiInit       		CODE           	0391	0000	23
		_spiReceiveWait		CODE           	036E	0000	10
		_spiRead       		CODE           	0377	0000	11

SPI.c estimated size: 51

LCD.c
		_Lcd_Write_String		CODE           	0429	0000	44
		_Lcd_Write_Char		CODE           	04EA	0000	85
		_Lcd_Set_Cursor_8bits		CODE           	03A7	0000	31
		_Lcd_Init_8bits		CODE           	0454	0000	76
		_Lcd_Cmd_8bits 		CODE           	0381	0000	17
		_Lcd_Port      		CODE           	0406	0000	36

LCD.c estimated size: 289

